
Allocating common symbols
Common symbol       size              file

uart_tx_buf         0x106             CMakeFiles/kiibohd.elf.dir/Scan/UARTConnect/connect_scan.c.o
Connect_receive_RemoteCapabilityBuffer
                    0x6               CMakeFiles/kiibohd.elf.dir/Scan/UARTConnect/connect_scan.c.o
CLIHexDebugMode     0x1               CMakeFiles/kiibohd.elf.dir/main.c.o
CLIHistoryCurrent   0x1               CMakeFiles/kiibohd.elf.dir/main.c.o
usb_rx_byte_count_data
                    0x10              CMakeFiles/kiibohd.elf.dir/Output/pjrcUSB/arm/usb_dev.c.o
CLILEDState         0x1               CMakeFiles/kiibohd.elf.dir/main.c.o
CLIDictionariesUsed
                    0x1               CMakeFiles/kiibohd.elf.dir/main.c.o
Macro_rotationLayer
                    0x2               CMakeFiles/kiibohd.elf.dir/Macro/PartialMap/macro.c.o
CLIHistoryBuffer    0x3e8             CMakeFiles/kiibohd.elf.dir/main.c.o
uart_tx_status      0x4               CMakeFiles/kiibohd.elf.dir/Scan/UARTConnect/connect_scan.c.o
USBKeys_SysCtrl     0x1               CMakeFiles/kiibohd.elf.dir/Output/pjrcUSB/output_com.c.o
Matrix_scanArray    0x13b             CMakeFiles/kiibohd.elf.dir/Scan/MatrixARM/matrix_scan.c.o
CLILineBuffer       0x65              CMakeFiles/kiibohd.elf.dir/main.c.o
I2C_RxBufferPtr     0x12c             CMakeFiles/kiibohd.elf.dir/Scan/ISSILed/led_scan.c.o
macroTriggerListBuffer
                    0x10b             CMakeFiles/kiibohd.elf.dir/Macro/PartialMap/macro.c.o
ResultMacroRecordList
                    0x150             CMakeFiles/kiibohd.elf.dir/Macro/PartialMap/macro.c.o
CLIHistoryHead      0x1               CMakeFiles/kiibohd.elf.dir/main.c.o
LayerState          0x4               CMakeFiles/kiibohd.elf.dir/Macro/PartialMap/macro.c.o
Connect_receive_RemoteCapabilityArgs
                    0x19              CMakeFiles/kiibohd.elf.dir/Scan/UARTConnect/connect_scan.c.o
usb_joystick_data   0xc               CMakeFiles/kiibohd.elf.dir/Output/pjrcUSB/arm/usb_joystick.c.o
USBKeys_Keys        0x1b              CMakeFiles/kiibohd.elf.dir/Output/pjrcUSB/output_com.c.o
Connect_receive_ScanCodeDeviceId
                    0x1               CMakeFiles/kiibohd.elf.dir/Scan/UARTConnect/connect_scan.c.o
uart_rx_status      0x8               CMakeFiles/kiibohd.elf.dir/Scan/UARTConnect/connect_scan.c.o
LED_pageBuffer      0x92              CMakeFiles/kiibohd.elf.dir/Scan/ISSILed/led_scan.c.o
uart_rx_buf         0x104             CMakeFiles/kiibohd.elf.dir/Scan/UARTConnect/connect_scan.c.o
macroTriggerListLayerCache
                    0x59              CMakeFiles/kiibohd.elf.dir/Macro/PartialMap/macro.c.o
I2C_TxBufferPtr     0x12c             CMakeFiles/kiibohd.elf.dir/Scan/ISSILed/led_scan.c.o
Connect_receive_ScanCodeBuffer
                    0x3               CMakeFiles/kiibohd.elf.dir/Scan/UARTConnect/connect_scan.c.o
CLIDict             0x28              CMakeFiles/kiibohd.elf.dir/main.c.o
LCD_layerStackExact
                    0x8               CMakeFiles/kiibohd.elf.dir/Scan/STLcd/lcd_scan.c.o
CLIHistoryTail      0x1               CMakeFiles/kiibohd.elf.dir/main.c.o
USBKeys_KeysCLI     0x1b              CMakeFiles/kiibohd.elf.dir/Output/pjrcUSB/output_com.c.o
macroInterconnectCache
                    0x10b             CMakeFiles/kiibohd.elf.dir/Macro/PartialMap/macro.c.o
CLIDictNames        0x28              CMakeFiles/kiibohd.elf.dir/main.c.o
Connect_receive_ScanCodeBufferPos
                    0x1               CMakeFiles/kiibohd.elf.dir/Scan/UARTConnect/connect_scan.c.o
CLILineBufferCurrent
                    0x1               CMakeFiles/kiibohd.elf.dir/main.c.o
USBKeys_ConsCtrl    0x2               CMakeFiles/kiibohd.elf.dir/Output/pjrcUSB/output_com.c.o
TriggerMacroRecordList
                    0x11a             CMakeFiles/kiibohd.elf.dir/Macro/PartialMap/macro.c.o

Discarded input sections

 .group         0x0000000000000000        0x8 CMakeFiles/kiibohd.elf.dir/main.c.o
 .group         0x0000000000000000        0x8 CMakeFiles/kiibohd.elf.dir/main.c.o
 .group         0x0000000000000000        0x8 CMakeFiles/kiibohd.elf.dir/main.c.o
 .group         0x0000000000000000        0x8 CMakeFiles/kiibohd.elf.dir/main.c.o
 .group         0x0000000000000000        0x8 CMakeFiles/kiibohd.elf.dir/main.c.o
 .group         0x0000000000000000        0x8 CMakeFiles/kiibohd.elf.dir/main.c.o
 .group         0x0000000000000000        0x8 CMakeFiles/kiibohd.elf.dir/main.c.o
 .group         0x0000000000000000        0x8 CMakeFiles/kiibohd.elf.dir/main.c.o
 .group         0x0000000000000000        0x8 CMakeFiles/kiibohd.elf.dir/main.c.o
 .group         0x0000000000000000        0x8 CMakeFiles/kiibohd.elf.dir/main.c.o
 .group         0x0000000000000000        0x8 CMakeFiles/kiibohd.elf.dir/main.c.o
 .text          0x0000000000000000        0x0 CMakeFiles/kiibohd.elf.dir/main.c.o
 .data          0x0000000000000000        0x0 CMakeFiles/kiibohd.elf.dir/main.c.o
[...]
Memory Configuration

Name             Origin             Length             Attributes
FLASH            0x0000000000002000 0x000000000003e000 xr
RAM              0x000000001fff8000 0x0000000000010000 xrw
*default*        0x0000000000000000 0xffffffffffffffff

Linker script and memory map

LOAD CMakeFiles/kiibohd.elf.dir/main.c.o
LOAD CMakeFiles/kiibohd.elf.dir/Lib/mk20dx.c.o
LOAD CMakeFiles/kiibohd.elf.dir/Lib/delay.c.o
LOAD CMakeFiles/kiibohd.elf.dir/Scan/ISSILed/led_scan.c.o
LOAD CMakeFiles/kiibohd.elf.dir/Scan/MatrixARM/matrix_scan.c.o
LOAD CMakeFiles/kiibohd.elf.dir/Scan/STLcd/lcd_scan.c.o
LOAD CMakeFiles/kiibohd.elf.dir/Scan/UARTConnect/connect_scan.c.o
LOAD CMakeFiles/kiibohd.elf.dir/Scan/MDErgo1/scan_loop.c.o
LOAD CMakeFiles/kiibohd.elf.dir/Macro/PartialMap/macro.c.o
LOAD CMakeFiles/kiibohd.elf.dir/Output/pjrcUSB/output_com.c.o
LOAD CMakeFiles/kiibohd.elf.dir/Output/pjrcUSB/arm/usb_desc.c.o
LOAD CMakeFiles/kiibohd.elf.dir/Output/pjrcUSB/arm/usb_dev.c.o
LOAD CMakeFiles/kiibohd.elf.dir/Output/pjrcUSB/arm/usb_joystick.c.o
LOAD CMakeFiles/kiibohd.elf.dir/Output/pjrcUSB/arm/usb_keyboard.c.o
LOAD CMakeFiles/kiibohd.elf.dir/Output/pjrcUSB/arm/usb_mem.c.o
LOAD CMakeFiles/kiibohd.elf.dir/Output/pjrcUSB/arm/usb_mouse.c.o
LOAD CMakeFiles/kiibohd.elf.dir/Output/pjrcUSB/arm/usb_serial.c.o
LOAD CMakeFiles/kiibohd.elf.dir/Debug/cli/cli.c.o
LOAD CMakeFiles/kiibohd.elf.dir/Debug/led/led.c.o
LOAD CMakeFiles/kiibohd.elf.dir/Debug/print/print.c.o

.text           0x0000000000002000     0xa284
                0x0000000000000000                . = 0x0
 *(.vectors)
 .vectors       0x0000000000002000      0x1bc CMakeFiles/kiibohd.elf.dir/Lib/mk20dx.c.o
                0x0000000000002000                gVectors
 *(.startup*)
 .startup       0x00000000000021bc      0x14c CMakeFiles/kiibohd.elf.dir/Lib/mk20dx.c.o
                0x00000000000021bc                ResetHandler
                0x0000000000000400                . = 0x400
 *fill*         0x0000000000002308       0xf8 
 *(.flashconfig)
 *(.text*)
 .text.startup.main
                0x0000000000002400       0x2c CMakeFiles/kiibohd.elf.dir/main.c.o
                0x0000000000002400                main
 .text.systick_default_isr
                0x000000000000242c       0x10 CMakeFiles/kiibohd.elf.dir/Lib/mk20dx.c.o
                0x000000000000242c                systick_isr
                0x000000000000242c                systick_default_isr
 .text.fault_isr
                0x000000000000243c       0x40 CMakeFiles/kiibohd.elf.dir/Lib/mk20dx.c.o
                0x000000000000243c                fault_isr
 .text.unused_isr
                0x000000000000247c        0x6 CMakeFiles/kiibohd.elf.dir/Lib/mk20dx.c.o
                0x000000000000247c                adc0_isr
                0x000000000000247c                dma_ch6_isr
                0x000000000000247c                uart0_lon_isr
                0x000000000000247c                dma_ch8_isr
                0x000000000000247c                dma_error_isr
                0x000000000000247c                portd_isr
                0x000000000000247c                porte_isr
                0x000000000000247c                portb_isr
                0x000000000000247c                spi1_isr
                0x000000000000247c                uart3_status_isr
                0x000000000000247c                mcm_isr
                0x000000000000247c                uart1_status_isr
                0x000000000000247c                watchdog_isr
                0x000000000000247c                i2c1_isr
                0x000000000000247c                dma_ch11_isr
                0x000000000000247c                i2c2_isr
                0x000000000000247c                pit1_isr
                0x000000000000247c                dma_ch4_isr
                0x000000000000247c                software_isr
                0x000000000000247c                dma_ch7_isr
                0x000000000000247c                lptmr_isr
                0x000000000000247c                ftm2_isr
                0x000000000000247c                uart5_status_isr
                0x000000000000247c                dma_ch9_isr
                0x000000000000247c                pit2_isr
                0x000000000000247c                pit0_isr
                0x000000000000247c                can0_wakeup_isr
                0x000000000000247c                flash_cmd_isr
                0x000000000000247c                uart2_status_isr
                0x000000000000247c                svcall_isr
                0x000000000000247c                dma_ch15_isr
                0x000000000000247c                uart1_error_isr
                0x000000000000247c                unused_isr
                0x000000000000247c                spi0_isr
                0x000000000000247c                dma_ch3_isr
                0x000000000000247c                flash_error_isr
                0x000000000000247c                uart5_error_isr
                0x000000000000247c                rtc_seconds_isr
                0x000000000000247c                pdb_isr
                0x000000000000247c                dac1_isr
                0x000000000000247c                dma_ch14_isr
                0x000000000000247c                rtc_alarm_isr
                0x000000000000247c                dma_ch2_isr
                0x000000000000247c                ftm1_isr
                0x000000000000247c                dma_ch13_isr
                0x000000000000247c                uart2_error_isr
                0x000000000000247c                usb_charge_isr
                0x000000000000247c                cmt_isr
                0x000000000000247c                ftm3_isr
                0x000000000000247c                tsi0_isr
                0x000000000000247c                spi2_isr
                0x000000000000247c                can0_bus_off_isr
                0x000000000000247c                uart3_error_isr
                0x000000000000247c                porta_isr
                0x000000000000247c                low_voltage_isr
                0x000000000000247c                can0_error_isr
                0x000000000000247c                dma_ch12_isr
                0x000000000000247c                pit3_isr
                0x000000000000247c                portc_isr
                0x000000000000247c                debugmonitor_isr
                0x000000000000247c                cmp1_isr
                0x000000000000247c                ftm0_isr
                0x000000000000247c                i2s0_rx_isr
                0x000000000000247c                uart4_error_isr
                0x000000000000247c                can0_message_isr
                0x000000000000247c                sdhc_isr
                0x000000000000247c                dma_ch10_isr
                0x000000000000247c                uart0_error_isr
                0x000000000000247c                i2s0_tx_isr
                0x000000000000247c                adc1_isr
                0x000000000000247c                cmp0_isr
                0x000000000000247c                dac0_isr
                0x000000000000247c                uart0_status_isr
                0x000000000000247c                mcg_isr
                0x000000000000247c                dma_ch1_isr
                0x000000000000247c                dma_ch5_isr
                0x000000000000247c                can0_rx_warn_isr
                0x000000000000247c                can0_tx_warn_isr
                0x000000000000247c                uart4_status_isr
                0x000000000000247c                cmp2_isr
                0x000000000000247c                pendablesrvreq_isr
                0x000000000000247c                wakeup_isr
                0x000000000000247c                dma_ch0_isr
 *fill*         0x0000000000002482        0x2 
 .text.nmi_default_isr
                0x0000000000002484        0xc CMakeFiles/kiibohd.elf.dir/Lib/mk20dx.c.o
                0x0000000000002484                nmi_isr
                0x0000000000002484                nmi_default_isr
 .text.hard_fault_default_isr
                0x0000000000002490       0x34 CMakeFiles/kiibohd.elf.dir/Lib/mk20dx.c.o
                0x0000000000002490                hard_fault_isr
                0x0000000000002490                hard_fault_default_isr
 .text.memmanage_fault_default_isr
                0x00000000000024c4       0x40 CMakeFiles/kiibohd.elf.dir/Lib/mk20dx.c.o
                0x00000000000024c4                memmanage_fault_default_isr
                0x00000000000024c4                memmanage_fault_isr
 .text.bus_fault_default_isr
                0x0000000000002504       0x40 CMakeFiles/kiibohd.elf.dir/Lib/mk20dx.c.o
                0x0000000000002504                bus_fault_isr
                0x0000000000002504                bus_fault_default_isr
 .text.usage_fault_default_isr
                0x0000000000002544       0x28 CMakeFiles/kiibohd.elf.dir/Lib/mk20dx.c.o
                0x0000000000002544                usage_fault_default_isr
                0x0000000000002544                usage_fault_isr
 .text.memset   0x000000000000256c       0x10 CMakeFiles/kiibohd.elf.dir/Lib/mk20dx.c.o
                0x000000000000256c                memset
 .text.memcpy   0x000000000000257c       0x12 CMakeFiles/kiibohd.elf.dir/Lib/mk20dx.c.o
                0x000000000000257c                memcpy
 .text.yield    0x000000000000258e        0x2 CMakeFiles/kiibohd.elf.dir/Lib/delay.c.o
                0x000000000000258e                yield
 .text.micros   0x0000000000002590       0x44 CMakeFiles/kiibohd.elf.dir/Lib/delay.c.o
                0x0000000000002590                micros
 .text.delay    0x00000000000025d4       0x26 CMakeFiles/kiibohd.elf.dir/Lib/delay.c.o
                0x00000000000025d4                delay
 .text.I2C_BufferLen
                0x00000000000025fa       0x12 CMakeFiles/kiibohd.elf.dir/Scan/ISSILed/led_scan.c.o
                0x00000000000025fa                I2C_BufferLen
 .text.I2C_BufferPush
                0x000000000000260c       0x60 CMakeFiles/kiibohd.elf.dir/Scan/ISSILed/led_scan.c.o
                0x000000000000260c                I2C_BufferPush
 .text.I2C_TxBufferPop
                0x000000000000266c       0xa4 CMakeFiles/kiibohd.elf.dir/Scan/ISSILed/led_scan.c.o
                0x000000000000266c                I2C_TxBufferPop
 .text.i2c0_isr
                0x0000000000002710      0x118 CMakeFiles/kiibohd.elf.dir/Scan/ISSILed/led_scan.c.o
                0x0000000000002710                i2c0_isr
 .text.I2C_Send
                0x0000000000002828       0xe4 CMakeFiles/kiibohd.elf.dir/Scan/ISSILed/led_scan.c.o
                0x0000000000002828                I2C_Send
 .text.LED_zeroPages
                0x000000000000290c       0x74 CMakeFiles/kiibohd.elf.dir/Scan/ISSILed/led_scan.c.o
                0x000000000000290c                LED_zeroPages
 .text.cliFunc_ledZero
                0x0000000000002980       0x1c CMakeFiles/kiibohd.elf.dir/Scan/ISSILed/led_scan.c.o
                0x0000000000002980                cliFunc_ledZero
 .text.LED_sendPage
                0x000000000000299c       0x42 CMakeFiles/kiibohd.elf.dir/Scan/ISSILed/led_scan.c.o
                0x000000000000299c                LED_sendPage
 *fill*         0x00000000000029de        0x2 
 .text.cliFunc_ledTest
                0x00000000000029e0       0x20 CMakeFiles/kiibohd.elf.dir/Scan/ISSILed/led_scan.c.o
                0x00000000000029e0                cliFunc_ledTest
 .text.LED_writeReg
                0x0000000000002a00       0x4a CMakeFiles/kiibohd.elf.dir/Scan/ISSILed/led_scan.c.o
                0x0000000000002a00                LED_writeReg
 *fill*         0x0000000000002a4a        0x2 
 .text.LED_setup
                0x0000000000002a4c       0xbc CMakeFiles/kiibohd.elf.dir/Scan/ISSILed/led_scan.c.o
                0x0000000000002a4c                LED_setup
 .text.cliFunc_ledStart
                0x0000000000002b08       0x34 CMakeFiles/kiibohd.elf.dir/Scan/ISSILed/led_scan.c.o
                0x0000000000002b08                cliFunc_ledStart
 .text.LED_readPage
                0x0000000000002b3c       0x98 CMakeFiles/kiibohd.elf.dir/Scan/ISSILed/led_scan.c.o
                0x0000000000002b3c                LED_readPage
 .text.cliFunc_ledRPage
                0x0000000000002bd4       0x2c CMakeFiles/kiibohd.elf.dir/Scan/ISSILed/led_scan.c.o
                0x0000000000002bd4                cliFunc_ledRPage
 .text.cliFunc_i2cSend
                0x0000000000002c00       0x88 CMakeFiles/kiibohd.elf.dir/Scan/ISSILed/led_scan.c.o
                0x0000000000002c00                cliFunc_i2cSend
 .text.cliFunc_i2cRecv
                0x0000000000002c88       0x88 CMakeFiles/kiibohd.elf.dir/Scan/ISSILed/led_scan.c.o
                0x0000000000002c88                cliFunc_i2cRecv
 .text.cliFunc_ledWPage
                0x0000000000002d10       0x9a CMakeFiles/kiibohd.elf.dir/Scan/ISSILed/led_scan.c.o
                0x0000000000002d10                cliFunc_ledWPage
 .text.LED_scan
                0x0000000000002daa        0x4 CMakeFiles/kiibohd.elf.dir/Scan/ISSILed/led_scan.c.o
                0x0000000000002daa                LED_scan
 *fill*         0x0000000000002dae        0x2 
 .text.LED_control
                0x0000000000002db0       0x94 CMakeFiles/kiibohd.elf.dir/Scan/ISSILed/led_scan.c.o
                0x0000000000002db0                LED_control
 .text.cliFunc_ledCtrl
                0x0000000000002e44       0x5c CMakeFiles/kiibohd.elf.dir/Scan/ISSILed/led_scan.c.o
                0x0000000000002e44                cliFunc_ledCtrl
 .text.LED_control_capability
                0x0000000000002ea0       0x98 CMakeFiles/kiibohd.elf.dir/Scan/ISSILed/led_scan.c.o
                0x0000000000002ea0                LED_control_capability
 .text.cliFunc_matrixState
                0x0000000000002f38       0x24 CMakeFiles/kiibohd.elf.dir/Scan/MatrixARM/matrix_scan.c.o
                0x0000000000002f38                cliFunc_matrixState
 .text.cliFunc_matrixDebug
                0x0000000000002f5c       0x5c CMakeFiles/kiibohd.elf.dir/Scan/MatrixARM/matrix_scan.c.o
                0x0000000000002f5c                cliFunc_matrixDebug
 .text.Matrix_pin
                0x0000000000002fb8       0xd0 CMakeFiles/kiibohd.elf.dir/Scan/MatrixARM/matrix_scan.c.o
                0x0000000000002fb8                Matrix_pin
 .text.Matrix_setup
                0x0000000000003088       0xe4 CMakeFiles/kiibohd.elf.dir/Scan/MatrixARM/matrix_scan.c.o
                0x0000000000003088                Matrix_setup
 .text.Matrix_keyPositionDebug
                0x000000000000316c       0x38 CMakeFiles/kiibohd.elf.dir/Scan/MatrixARM/matrix_scan.c.o
                0x000000000000316c                Matrix_keyPositionDebug
 .text.Matrix_scan
                0x00000000000031a4      0x290 CMakeFiles/kiibohd.elf.dir/Scan/MatrixARM/matrix_scan.c.o
                0x00000000000031a4                Matrix_scan
 .text.cliFunc_lcdColor
                0x0000000000003434       0x40 CMakeFiles/kiibohd.elf.dir/Scan/STLcd/lcd_scan.c.o
                0x0000000000003434                cliFunc_lcdColor
 .text.SPI_write
                0x0000000000003474       0x44 CMakeFiles/kiibohd.elf.dir/Scan/STLcd/lcd_scan.c.o
                0x0000000000003474                SPI_write
 .text.LCD_writeControlReg
                0x00000000000034b8       0x54 CMakeFiles/kiibohd.elf.dir/Scan/STLcd/lcd_scan.c.o
                0x00000000000034b8                LCD_writeControlReg
 .text.cliFunc_lcdCmd
                0x000000000000350c       0x50 CMakeFiles/kiibohd.elf.dir/Scan/STLcd/lcd_scan.c.o
                0x000000000000350c                cliFunc_lcdCmd
 .text.cliFunc_lcdDisp
                0x000000000000355c       0x76 CMakeFiles/kiibohd.elf.dir/Scan/STLcd/lcd_scan.c.o
                0x000000000000355c                cliFunc_lcdDisp
 .text.LCD_writeDisplayReg
                0x00000000000035d2       0x30 CMakeFiles/kiibohd.elf.dir/Scan/STLcd/lcd_scan.c.o
                0x00000000000035d2                LCD_writeDisplayReg
 *fill*         0x0000000000003602        0x2 
 .text.cliFunc_lcdTest
                0x0000000000003604       0x20 CMakeFiles/kiibohd.elf.dir/Scan/STLcd/lcd_scan.c.o
                0x0000000000003604                cliFunc_lcdTest
 .text.LCD_clear
                0x0000000000003624       0x68 CMakeFiles/kiibohd.elf.dir/Scan/STLcd/lcd_scan.c.o
                0x0000000000003624                LCD_clear
 .text.LCD_initialize
                0x000000000000368c       0x46 CMakeFiles/kiibohd.elf.dir/Scan/STLcd/lcd_scan.c.o
                0x000000000000368c                LCD_initialize
 .text.cliFunc_lcdInit
                0x00000000000036d2        0x4 CMakeFiles/kiibohd.elf.dir/Scan/STLcd/lcd_scan.c.o
                0x00000000000036d2                cliFunc_lcdInit
 *fill*         0x00000000000036d6        0x2 
 .text.LCD_setup
                0x00000000000036d8      0x110 CMakeFiles/kiibohd.elf.dir/Scan/STLcd/lcd_scan.c.o
                0x00000000000036d8                LCD_setup
 .text.LCD_scan
                0x00000000000037e8        0x4 CMakeFiles/kiibohd.elf.dir/Scan/STLcd/lcd_scan.c.o
                0x00000000000037e8                LCD_scan
 .text.LCD_layerStackExact_capability
                0x00000000000037ec      0x11c CMakeFiles/kiibohd.elf.dir/Scan/STLcd/lcd_scan.c.o
                0x00000000000037ec                LCD_layerStackExact_capability
 .text.LCD_layerStack_capability
                0x0000000000003908       0xbc CMakeFiles/kiibohd.elf.dir/Scan/STLcd/lcd_scan.c.o
                0x0000000000003908                LCD_layerStack_capability
 .text.Connect_receive_Animation
                0x00000000000039c4       0x10 CMakeFiles/kiibohd.elf.dir/Scan/UARTConnect/connect_scan.c.o
                0x00000000000039c4                Connect_receive_Animation
 .text.cliFunc_connectDbg
                0x00000000000039d4       0x2c CMakeFiles/kiibohd.elf.dir/Scan/UARTConnect/connect_scan.c.o
                0x00000000000039d4                cliFunc_connectDbg
 .text.Connect_receive_CableCheck
                0x0000000000003a00      0x110 CMakeFiles/kiibohd.elf.dir/Scan/UARTConnect/connect_scan.c.o
                0x0000000000003a00                Connect_receive_CableCheck
 .text.cliFunc_connectLst
                0x0000000000003b10       0x58 CMakeFiles/kiibohd.elf.dir/Scan/UARTConnect/connect_scan.c.o
                0x0000000000003b10                cliFunc_connectLst
 .text.cliFunc_connectSts
                0x0000000000003b68      0x148 CMakeFiles/kiibohd.elf.dir/Scan/UARTConnect/connect_scan.c.o
                0x0000000000003b68                cliFunc_connectSts
 .text.cliFunc_connectMst
                0x0000000000003cb0       0x70 CMakeFiles/kiibohd.elf.dir/Scan/UARTConnect/connect_scan.c.o
                0x0000000000003cb0                cliFunc_connectMst
 .text.Connect_addBytes.part.1
                0x0000000000003d20       0xc4 CMakeFiles/kiibohd.elf.dir/Scan/UARTConnect/connect_scan.c.o
 .text.Connect_receive_ScanCode
                0x0000000000003de4      0x178 CMakeFiles/kiibohd.elf.dir/Scan/UARTConnect/connect_scan.c.o
                0x0000000000003de4                Connect_receive_ScanCode
 .text.Connect_addBytes
                0x0000000000003f5c       0x20 CMakeFiles/kiibohd.elf.dir/Scan/UARTConnect/connect_scan.c.o
                0x0000000000003f5c                Connect_addBytes
 .text.Connect_receive_RemoteCapability
                0x0000000000003f7c      0x114 CMakeFiles/kiibohd.elf.dir/Scan/UARTConnect/connect_scan.c.o
                0x0000000000003f7c                Connect_receive_RemoteCapability
 .text.Connect_send_CableCheck
                0x0000000000004090       0x8c CMakeFiles/kiibohd.elf.dir/Scan/UARTConnect/connect_scan.c.o
                0x0000000000004090                Connect_send_CableCheck
 .text.Connect_send_IdRequest
                0x000000000000411c       0x40 CMakeFiles/kiibohd.elf.dir/Scan/UARTConnect/connect_scan.c.o
                0x000000000000411c                Connect_send_IdRequest
 .text.Connect_send_IdEnumeration
                0x000000000000415c       0x44 CMakeFiles/kiibohd.elf.dir/Scan/UARTConnect/connect_scan.c.o
                0x000000000000415c                Connect_send_IdEnumeration
 .text.Connect_receive_IdRequest
                0x00000000000041a0       0x38 CMakeFiles/kiibohd.elf.dir/Scan/UARTConnect/connect_scan.c.o
                0x00000000000041a0                Connect_receive_IdRequest
 .text.Connect_send_IdReport
                0x00000000000041d8       0x40 CMakeFiles/kiibohd.elf.dir/Scan/UARTConnect/connect_scan.c.o
                0x00000000000041d8                Connect_send_IdReport
 .text.Connect_receive_IdEnumeration
                0x0000000000004218       0x40 CMakeFiles/kiibohd.elf.dir/Scan/UARTConnect/connect_scan.c.o
                0x0000000000004218                Connect_receive_IdEnumeration
 .text.Connect_receive_IdReport
                0x0000000000004258       0x60 CMakeFiles/kiibohd.elf.dir/Scan/UARTConnect/connect_scan.c.o
                0x0000000000004258                Connect_receive_IdReport
 .text.Connect_send_ScanCode
                0x00000000000042b8       0x5c CMakeFiles/kiibohd.elf.dir/Scan/UARTConnect/connect_scan.c.o
                0x00000000000042b8                Connect_send_ScanCode
 .text.cliFunc_connectCmd
                0x0000000000004314       0x68 CMakeFiles/kiibohd.elf.dir/Scan/UARTConnect/connect_scan.c.o
                0x0000000000004314                cliFunc_connectCmd
 .text.Connect_send_RemoteCapability
                0x000000000000437c       0xc4 CMakeFiles/kiibohd.elf.dir/Scan/UARTConnect/connect_scan.c.o
                0x000000000000437c                Connect_send_RemoteCapability
 .text.Connect_send_Idle
                0x0000000000004440       0x68 CMakeFiles/kiibohd.elf.dir/Scan/UARTConnect/connect_scan.c.o
                0x0000000000004440                Connect_send_Idle
 .text.cliFunc_connectIdl
                0x00000000000044a8       0x38 CMakeFiles/kiibohd.elf.dir/Scan/UARTConnect/connect_scan.c.o
                0x00000000000044a8                cliFunc_connectIdl
 .text.Connect_reset
                0x00000000000044e0       0x48 CMakeFiles/kiibohd.elf.dir/Scan/UARTConnect/connect_scan.c.o
                0x00000000000044e0                Connect_reset
 .text.cliFunc_connectRst
                0x0000000000004528       0x28 CMakeFiles/kiibohd.elf.dir/Scan/UARTConnect/connect_scan.c.o
                0x0000000000004528                cliFunc_connectRst
 .text.Connect_setup
                0x0000000000004550      0x1b8 CMakeFiles/kiibohd.elf.dir/Scan/UARTConnect/connect_scan.c.o
                0x0000000000004550                Connect_setup
 .text.Connect_rx_process
                0x0000000000004708      0x1a4 CMakeFiles/kiibohd.elf.dir/Scan/UARTConnect/connect_scan.c.o
                0x0000000000004708                Connect_rx_process
 .text.Connect_scan
                0x00000000000048ac      0x1e0 CMakeFiles/kiibohd.elf.dir/Scan/UARTConnect/connect_scan.c.o
                0x00000000000048ac                Connect_scan
 .text.Scan_setup
                0x0000000000004a8c       0x28 CMakeFiles/kiibohd.elf.dir/Scan/MDErgo1/scan_loop.c.o
                0x0000000000004a8c                Scan_setup
 .text.Scan_loop
                0x0000000000004ab4       0x24 CMakeFiles/kiibohd.elf.dir/Scan/MDErgo1/scan_loop.c.o
                0x0000000000004ab4                Scan_loop
 .text.Scan_finishedWithMacro
                0x0000000000004ad8        0x2 CMakeFiles/kiibohd.elf.dir/Scan/MDErgo1/scan_loop.c.o
                0x0000000000004ad8                Scan_finishedWithMacro
 *fill*         0x0000000000004ada        0x2 
 .text.Scan_finishedWithOutput
                0x0000000000004adc        0xc CMakeFiles/kiibohd.elf.dir/Scan/MDErgo1/scan_loop.c.o
                0x0000000000004adc                Scan_finishedWithOutput
 .text.cliFunc_capList
                0x0000000000004ae8       0x58 CMakeFiles/kiibohd.elf.dir/Macro/PartialMap/macro.c.o
                0x0000000000004ae8                cliFunc_capList
 .text.cliFunc_macroStep
                0x0000000000004b40       0x28 CMakeFiles/kiibohd.elf.dir/Macro/PartialMap/macro.c.o
                0x0000000000004b40                cliFunc_macroStep
 .text.cliFunc_capSelect
                0x0000000000004b68       0xfc CMakeFiles/kiibohd.elf.dir/Macro/PartialMap/macro.c.o
                0x0000000000004b68                cliFunc_capSelect
 .text.cliFunc_layerDebug
                0x0000000000004c64       0x34 CMakeFiles/kiibohd.elf.dir/Macro/PartialMap/macro.c.o
                0x0000000000004c64                cliFunc_layerDebug
 .text.cliFunc_layerState
                0x0000000000004c98       0x70 CMakeFiles/kiibohd.elf.dir/Macro/PartialMap/macro.c.o
                0x0000000000004c98                cliFunc_layerState
 .text.cliFunc_macroDebug
                0x0000000000004d08       0x34 CMakeFiles/kiibohd.elf.dir/Macro/PartialMap/macro.c.o
                0x0000000000004d08                cliFunc_macroDebug
 .text.cliFunc_macroProc
                0x0000000000004d3c       0x34 CMakeFiles/kiibohd.elf.dir/Macro/PartialMap/macro.c.o
                0x0000000000004d3c                cliFunc_macroProc
 .text.cliFunc_layerList
                0x0000000000004d70       0x98 CMakeFiles/kiibohd.elf.dir/Macro/PartialMap/macro.c.o
                0x0000000000004d70                cliFunc_layerList
 .text.cliFunc_macroList
                0x0000000000004e08      0x15c CMakeFiles/kiibohd.elf.dir/Macro/PartialMap/macro.c.o
                0x0000000000004e08                cliFunc_macroList
 .text.Macro_layerState
                0x0000000000004f64       0xd4 CMakeFiles/kiibohd.elf.dir/Macro/PartialMap/macro.c.o
                0x0000000000004f64                Macro_layerState
 .text.Macro_layerState_capability
                0x0000000000005038       0x24 CMakeFiles/kiibohd.elf.dir/Macro/PartialMap/macro.c.o
                0x0000000000005038                Macro_layerState_capability
 .text.Macro_layerLatch_capability
                0x000000000000505c       0x24 CMakeFiles/kiibohd.elf.dir/Macro/PartialMap/macro.c.o
                0x000000000000505c                Macro_layerLatch_capability
 .text.Macro_layerLock_capability
                0x0000000000005080       0x24 CMakeFiles/kiibohd.elf.dir/Macro/PartialMap/macro.c.o
                0x0000000000005080                Macro_layerLock_capability
 .text.Macro_layerShift_capability
                0x00000000000050a4       0x24 CMakeFiles/kiibohd.elf.dir/Macro/PartialMap/macro.c.o
                0x00000000000050a4                Macro_layerShift_capability
 .text.Macro_layerRotate_capability
                0x00000000000050c8       0x78 CMakeFiles/kiibohd.elf.dir/Macro/PartialMap/macro.c.o
                0x00000000000050c8                Macro_layerRotate_capability
 .text.Macro_layerLookup
                0x0000000000005140      0x128 CMakeFiles/kiibohd.elf.dir/Macro/PartialMap/macro.c.o
                0x0000000000005140                Macro_layerLookup
 .text.Macro_interconnectAdd
                0x0000000000005268       0xb4 CMakeFiles/kiibohd.elf.dir/Macro/PartialMap/macro.c.o
                0x0000000000005268                Macro_interconnectAdd
 .text.Macro_keyState
                0x000000000000531c       0x60 CMakeFiles/kiibohd.elf.dir/Macro/PartialMap/macro.c.o
                0x000000000000531c                Macro_keyState
 .text.cliFunc_keyHold
                0x000000000000537c       0x2e CMakeFiles/kiibohd.elf.dir/Macro/PartialMap/macro.c.o
                0x000000000000537c                cliFunc_keyHold
 .text.cliFunc_keyPress
                0x00000000000053aa       0x2e CMakeFiles/kiibohd.elf.dir/Macro/PartialMap/macro.c.o
                0x00000000000053aa                cliFunc_keyPress
 .text.cliFunc_keyRelease
                0x00000000000053d8       0x2e CMakeFiles/kiibohd.elf.dir/Macro/PartialMap/macro.c.o
                0x00000000000053d8                cliFunc_keyRelease
 *fill*         0x0000000000005406        0x2 
 .text.Macro_evalTriggerMacro
                0x0000000000005408      0x240 CMakeFiles/kiibohd.elf.dir/Macro/PartialMap/macro.c.o
                0x0000000000005408                Macro_evalTriggerMacro
 .text.Macro_process
                0x0000000000005648      0x3c4 CMakeFiles/kiibohd.elf.dir/Macro/PartialMap/macro.c.o
                0x0000000000005648                Macro_process
 .text.Macro_setup
                0x0000000000005a0c       0x70 CMakeFiles/kiibohd.elf.dir/Macro/PartialMap/macro.c.o
                0x0000000000005a0c                Macro_setup
 .text.macroDebugShowTrigger
                0x0000000000005a7c      0x114 CMakeFiles/kiibohd.elf.dir/Macro/PartialMap/macro.c.o
                0x0000000000005a7c                macroDebugShowTrigger
 .text.macroDebugShowResult
                0x0000000000005b90      0x178 CMakeFiles/kiibohd.elf.dir/Macro/PartialMap/macro.c.o
                0x0000000000005b90                macroDebugShowResult
 .text.cliFunc_macroShow
                0x0000000000005d08       0x3e CMakeFiles/kiibohd.elf.dir/Macro/PartialMap/macro.c.o
                0x0000000000005d08                cliFunc_macroShow
 *fill*         0x0000000000005d46        0x2 
 .text.cliFunc_sendKeys
                0x0000000000005d48       0x24 CMakeFiles/kiibohd.elf.dir/Output/pjrcUSB/output_com.c.o
                0x0000000000005d48                cliFunc_sendKeys
 .text.cliFunc_kbdProtocol
                0x0000000000005d6c       0x28 CMakeFiles/kiibohd.elf.dir/Output/pjrcUSB/output_com.c.o
                0x0000000000005d6c                cliFunc_kbdProtocol
 .text.cliFunc_readLEDs
                0x0000000000005d94       0x28 CMakeFiles/kiibohd.elf.dir/Output/pjrcUSB/output_com.c.o
                0x0000000000005d94                cliFunc_readLEDs
 .text.cliFunc_setKeys
                0x0000000000005dbc       0x34 CMakeFiles/kiibohd.elf.dir/Output/pjrcUSB/output_com.c.o
                0x0000000000005dbc                cliFunc_setKeys
 .text.cliFunc_outputDebug
                0x0000000000005df0       0x24 CMakeFiles/kiibohd.elf.dir/Output/pjrcUSB/output_com.c.o
                0x0000000000005df0                cliFunc_outputDebug
 .text.cliFunc_setMod
                0x0000000000005e14       0x20 CMakeFiles/kiibohd.elf.dir/Output/pjrcUSB/output_com.c.o
                0x0000000000005e14                cliFunc_setMod
 .text.Output_consCtrlSend_capability
                0x0000000000005e34       0x58 CMakeFiles/kiibohd.elf.dir/Output/pjrcUSB/output_com.c.o
                0x0000000000005e34                Output_consCtrlSend_capability
 .text.Output_noneSend_capability
                0x0000000000005e8c       0x14 CMakeFiles/kiibohd.elf.dir/Output/pjrcUSB/output_com.c.o
                0x0000000000005e8c                Output_noneSend_capability
 .text.Output_sysCtrlSend_capability
                0x0000000000005ea0       0x58 CMakeFiles/kiibohd.elf.dir/Output/pjrcUSB/output_com.c.o
                0x0000000000005ea0                Output_sysCtrlSend_capability
 .text.Output_flashMode_capability
                0x0000000000005ef8       0x18 CMakeFiles/kiibohd.elf.dir/Output/pjrcUSB/output_com.c.o
                0x0000000000005ef8                Output_flashMode_capability
 .text.Output_flushBuffers
                0x0000000000005f10       0x2c CMakeFiles/kiibohd.elf.dir/Output/pjrcUSB/output_com.c.o
                0x0000000000005f10                Output_flushBuffers
 .text.Output_kbdProtocolBoot_capability
                0x0000000000005f3c       0x30 CMakeFiles/kiibohd.elf.dir/Output/pjrcUSB/output_com.c.o
                0x0000000000005f3c                Output_kbdProtocolBoot_capability
 .text.Output_kbdProtocolNKRO_capability
                0x0000000000005f6c       0x34 CMakeFiles/kiibohd.elf.dir/Output/pjrcUSB/output_com.c.o
                0x0000000000005f6c                Output_kbdProtocolNKRO_capability
 .text.Output_usbCodeSend_capability
                0x0000000000005fa0      0x1e0 CMakeFiles/kiibohd.elf.dir/Output/pjrcUSB/output_com.c.o
                0x0000000000005fa0                Output_usbCodeSend_capability
 .text.Output_setup
                0x0000000000006180       0x20 CMakeFiles/kiibohd.elf.dir/Output/pjrcUSB/output_com.c.o
                0x0000000000006180                Output_setup
 .text.Output_send
                0x00000000000061a0       0x60 CMakeFiles/kiibohd.elf.dir/Output/pjrcUSB/output_com.c.o
                0x00000000000061a0                Output_send
 .text.Output_availablechar
                0x0000000000006200        0x4 CMakeFiles/kiibohd.elf.dir/Output/pjrcUSB/output_com.c.o
                0x0000000000006200                Output_availablechar
 .text.Output_getchar
                0x0000000000006204        0x4 CMakeFiles/kiibohd.elf.dir/Output/pjrcUSB/output_com.c.o
                0x0000000000006204                Output_getchar
 .text.Output_putstr
                0x0000000000006208        0xe CMakeFiles/kiibohd.elf.dir/Output/pjrcUSB/output_com.c.o
                0x0000000000006208                Output_putstr
 *fill*         0x0000000000006216        0x2 
 .text.Output_softReset
                0x0000000000006218       0x10 CMakeFiles/kiibohd.elf.dir/Output/pjrcUSB/output_com.c.o
                0x0000000000006218                Output_softReset
 .text.endpoint0_transmit
                0x0000000000006228       0x40 CMakeFiles/kiibohd.elf.dir/Output/pjrcUSB/arm/usb_dev.c.o
 .text.usb_rx   0x0000000000006268       0x38 CMakeFiles/kiibohd.elf.dir/Output/pjrcUSB/arm/usb_dev.c.o
                0x0000000000006268                usb_rx
 .text.usb_tx_packet_count
                0x00000000000062a0       0x24 CMakeFiles/kiibohd.elf.dir/Output/pjrcUSB/arm/usb_dev.c.o
                0x00000000000062a0                usb_tx_packet_count
 .text.usb_rx_memory
                0x00000000000062c4       0x78 CMakeFiles/kiibohd.elf.dir/Output/pjrcUSB/arm/usb_dev.c.o
                0x00000000000062c4                usb_rx_memory
 .text.usb_tx   0x000000000000633c       0x80 CMakeFiles/kiibohd.elf.dir/Output/pjrcUSB/arm/usb_dev.c.o
                0x000000000000633c                usb_tx
 .text.usb_device_reload
                0x00000000000063bc       0x2c CMakeFiles/kiibohd.elf.dir/Output/pjrcUSB/arm/usb_dev.c.o
                0x00000000000063bc                usb_device_reload
 .text.usb_isr  0x00000000000063e8      0x710 CMakeFiles/kiibohd.elf.dir/Output/pjrcUSB/arm/usb_dev.c.o
                0x00000000000063e8                usb_isr
 .text.usb_init
                0x0000000000006af8       0x9c CMakeFiles/kiibohd.elf.dir/Output/pjrcUSB/arm/usb_dev.c.o
                0x0000000000006af8                usb_init
 .text.usb_keyboard_send
                0x0000000000006b94      0x2c4 CMakeFiles/kiibohd.elf.dir/Output/pjrcUSB/arm/usb_keyboard.c.o
                0x0000000000006b94                usb_keyboard_send
 .text.usb_malloc
                0x0000000000006e58       0x3c CMakeFiles/kiibohd.elf.dir/Output/pjrcUSB/arm/usb_mem.c.o
                0x0000000000006e58                usb_malloc
 .text.usb_free
                0x0000000000006e94       0x44 CMakeFiles/kiibohd.elf.dir/Output/pjrcUSB/arm/usb_mem.c.o
                0x0000000000006e94                usb_free
 .text.usb_serial_getchar
                0x0000000000006ed8       0x4c CMakeFiles/kiibohd.elf.dir/Output/pjrcUSB/arm/usb_serial.c.o
                0x0000000000006ed8                usb_serial_getchar
 .text.usb_serial_available
                0x0000000000006f24       0x1c CMakeFiles/kiibohd.elf.dir/Output/pjrcUSB/arm/usb_serial.c.o
                0x0000000000006f24                usb_serial_available
 .text.usb_serial_write
                0x0000000000006f40       0xd0 CMakeFiles/kiibohd.elf.dir/Output/pjrcUSB/arm/usb_serial.c.o
                0x0000000000006f40                usb_serial_write
 .text.usb_serial_flush_callback
                0x0000000000007010       0x48 CMakeFiles/kiibohd.elf.dir/Output/pjrcUSB/arm/usb_serial.c.o
                0x0000000000007010                usb_serial_flush_callback
 .text.cliFunc_clear
                0x0000000000007058        0xc CMakeFiles/kiibohd.elf.dir/Debug/cli/cli.c.o
                0x0000000000007058                cliFunc_clear
 .text.cliFunc_reload
                0x0000000000007064       0x24 CMakeFiles/kiibohd.elf.dir/Debug/cli/cli.c.o
                0x0000000000007064                cliFunc_reload
 .text.cliFunc_reset
                0x0000000000007088        0xc CMakeFiles/kiibohd.elf.dir/Debug/cli/cli.c.o
                0x0000000000007088                cliFunc_reset
 .text.cliFunc_help
                0x0000000000007094       0xb4 CMakeFiles/kiibohd.elf.dir/Debug/cli/cli.c.o
                0x0000000000007094                cliFunc_help
 .text.cliFunc_led
                0x0000000000007148       0x14 CMakeFiles/kiibohd.elf.dir/Debug/cli/cli.c.o
                0x0000000000007148                cliFunc_led
 .text.cliFunc_restart
                0x000000000000715c        0x4 CMakeFiles/kiibohd.elf.dir/Debug/cli/cli.c.o
                0x000000000000715c                cliFunc_restart
 .text.cliFunc_version
                0x0000000000007160       0xd4 CMakeFiles/kiibohd.elf.dir/Debug/cli/cli.c.o
                0x0000000000007160                cliFunc_version
 .text.cliFunc_cliDebug
                0x0000000000007234       0x38 CMakeFiles/kiibohd.elf.dir/Debug/cli/cli.c.o
                0x0000000000007234                cliFunc_cliDebug
 .text.CLI_saveHistory.part.1
                0x000000000000726c       0x34 CMakeFiles/kiibohd.elf.dir/Debug/cli/cli.c.o
 .text.CLI_argumentIsolation
                0x00000000000072a0       0x22 CMakeFiles/kiibohd.elf.dir/Debug/cli/cli.c.o
                0x00000000000072a0                CLI_argumentIsolation
 *fill*         0x00000000000072c2        0x2 
 .text.CLI_commandLookup
                0x00000000000072c4       0xc4 CMakeFiles/kiibohd.elf.dir/Debug/cli/cli.c.o
                0x00000000000072c4                CLI_commandLookup
 .text.CLI_registerDictionary
                0x0000000000007388       0x38 CMakeFiles/kiibohd.elf.dir/Debug/cli/cli.c.o
                0x0000000000007388                CLI_registerDictionary
 .text.CLI_init
                0x00000000000073c0       0x68 CMakeFiles/kiibohd.elf.dir/Debug/cli/cli.c.o
                0x00000000000073c0                CLI_init
 .text.CLI_tabCompletion
                0x0000000000007428       0xc0 CMakeFiles/kiibohd.elf.dir/Debug/cli/cli.c.o
                0x0000000000007428                CLI_tabCompletion
 .text.CLI_wrap
                0x00000000000074e8       0x24 CMakeFiles/kiibohd.elf.dir/Debug/cli/cli.c.o
                0x00000000000074e8                CLI_wrap
 .text.CLI_saveHistory
                0x000000000000750c       0x2c CMakeFiles/kiibohd.elf.dir/Debug/cli/cli.c.o
                0x000000000000750c                CLI_saveHistory
 .text.CLI_retreiveHistory
                0x0000000000007538       0x4c CMakeFiles/kiibohd.elf.dir/Debug/cli/cli.c.o
                0x0000000000007538                CLI_retreiveHistory
 .text.CLI_process
                0x0000000000007584      0x214 CMakeFiles/kiibohd.elf.dir/Debug/cli/cli.c.o
                0x0000000000007584                CLI_process
 .text.init_errorLED
                0x0000000000007798       0x1c CMakeFiles/kiibohd.elf.dir/Debug/led/led.c.o
                0x0000000000007798                init_errorLED
 .text.errorLED
                0x00000000000077b4       0x1c CMakeFiles/kiibohd.elf.dir/Debug/led/led.c.o
                0x00000000000077b4                errorLED
 .text.printstrs
                0x00000000000077d0       0x34 CMakeFiles/kiibohd.elf.dir/Debug/print/print.c.o
                0x00000000000077d0                printstrs
 .text._print   0x0000000000007804        0x4 CMakeFiles/kiibohd.elf.dir/Debug/print/print.c.o
                0x0000000000007804                _print
 .text.lenStr   0x0000000000007808       0x12 CMakeFiles/kiibohd.elf.dir/Debug/print/print.c.o
                0x0000000000007808                lenStr
 .text.revsStr  0x000000000000781a       0x20 CMakeFiles/kiibohd.elf.dir/Debug/print/print.c.o
                0x000000000000781a                revsStr
 .text.int8ToStr
                0x000000000000783a       0x2e CMakeFiles/kiibohd.elf.dir/Debug/print/print.c.o
                0x000000000000783a                int8ToStr
 .text.printInt8
                0x0000000000007868       0x14 CMakeFiles/kiibohd.elf.dir/Debug/print/print.c.o
                0x0000000000007868                printInt8
 .text.int16ToStr
                0x000000000000787c       0x2c CMakeFiles/kiibohd.elf.dir/Debug/print/print.c.o
                0x000000000000787c                int16ToStr
 .text.printInt16
                0x00000000000078a8       0x14 CMakeFiles/kiibohd.elf.dir/Debug/print/print.c.o
                0x00000000000078a8                printInt16
 .text.hexToStr_op
                0x00000000000078bc       0x5a CMakeFiles/kiibohd.elf.dir/Debug/print/print.c.o
                0x00000000000078bc                hexToStr_op
 .text.printHex_op
                0x0000000000007916       0x16 CMakeFiles/kiibohd.elf.dir/Debug/print/print.c.o
                0x0000000000007916                printHex_op
 .text.hex32ToStr_op
                0x000000000000792c       0x54 CMakeFiles/kiibohd.elf.dir/Debug/print/print.c.o
                0x000000000000792c                hex32ToStr_op
 .text.printHex32_op
                0x0000000000007980       0x16 CMakeFiles/kiibohd.elf.dir/Debug/print/print.c.o
                0x0000000000007980                printHex32_op
 .text.eqStr    0x0000000000007996       0x2a CMakeFiles/kiibohd.elf.dir/Debug/print/print.c.o
                0x0000000000007996                eqStr
 .text.numToInt
                0x00000000000079c0       0x8a CMakeFiles/kiibohd.elf.dir/Debug/print/print.c.o
                0x00000000000079c0                numToInt
 *(.rodata*)
 .rodata.str1.1
                0x0000000000007a4a       0x85 CMakeFiles/kiibohd.elf.dir/Lib/mk20dx.c.o
                                         0x91 (size before relaxing)
 .rodata.sys_reset_to_loader_magic
                0x0000000000007acf       0x16 CMakeFiles/kiibohd.elf.dir/Lib/mk20dx.c.o
                0x0000000000007acf                sys_reset_to_loader_magic
 .rodata        0x0000000000007ae5        0x3 CMakeFiles/kiibohd.elf.dir/Scan/ISSILed/led_scan.c.o
 .rodata.ledWPageCLIDict_DescEntry
                0x0000000000007ae8       0x4a CMakeFiles/kiibohd.elf.dir/Scan/ISSILed/led_scan.c.o
                0x0000000000007ae8                ledWPageCLIDict_DescEntry
 .rodata.ledTestCLIDict_DescEntry
                0x0000000000007b32       0x18 CMakeFiles/kiibohd.elf.dir/Scan/ISSILed/led_scan.c.o
                0x0000000000007b32                ledTestCLIDict_DescEntry
 *fill*         0x0000000000007b4a        0x2 
 .rodata.ledCLIDict
                0x0000000000007b4c       0x6c CMakeFiles/kiibohd.elf.dir/Scan/ISSILed/led_scan.c.o
                0x0000000000007b4c                ledCLIDict
 .rodata.ledRPageCLIDict_DescEntry
                0x0000000000007bb8       0x1e CMakeFiles/kiibohd.elf.dir/Scan/ISSILed/led_scan.c.o
                0x0000000000007bb8                ledRPageCLIDict_DescEntry
 .rodata.ledStartCLIDict_DescEntry
                0x0000000000007bd6       0x1b CMakeFiles/kiibohd.elf.dir/Scan/ISSILed/led_scan.c.o
                0x0000000000007bd6                ledStartCLIDict_DescEntry
 .rodata.str1.1
                0x0000000000007bf1      0x1ef CMakeFiles/kiibohd.elf.dir/Scan/ISSILed/led_scan.c.o
                                        0x1f4 (size before relaxing)
 .rodata.ledCtrlCLIDict_DescEntry
                0x0000000000007de0       0x33 CMakeFiles/kiibohd.elf.dir/Scan/ISSILed/led_scan.c.o
                0x0000000000007de0                ledCtrlCLIDict_DescEntry
 .rodata.LED_defaultBrightness1
                0x0000000000007e13       0x92 CMakeFiles/kiibohd.elf.dir/Scan/ISSILed/led_scan.c.o
                0x0000000000007e13                LED_defaultBrightness1
 .rodata.ledZeroCLIDict_DescEntry
                0x0000000000007ea5       0x31 CMakeFiles/kiibohd.elf.dir/Scan/ISSILed/led_scan.c.o
                0x0000000000007ea5                ledZeroCLIDict_DescEntry
 .rodata.i2cRecvCLIDict_DescEntry
                0x0000000000007ed6       0x79 CMakeFiles/kiibohd.elf.dir/Scan/ISSILed/led_scan.c.o
                0x0000000000007ed6                i2cRecvCLIDict_DescEntry
 .rodata.i2cSendCLIDict_DescEntry
                0x0000000000007f4f       0x44 CMakeFiles/kiibohd.elf.dir/Scan/ISSILed/led_scan.c.o
                0x0000000000007f4f                i2cSendCLIDict_DescEntry
 .rodata.LED_ledEnableMask1
                0x0000000000007f93       0x14 CMakeFiles/kiibohd.elf.dir/Scan/ISSILed/led_scan.c.o
                0x0000000000007f93                LED_ledEnableMask1
 .rodata.ledCLIDictName
                0x0000000000007fa7       0x19 CMakeFiles/kiibohd.elf.dir/Scan/ISSILed/led_scan.c.o
                0x0000000000007fa7                ledCLIDictName
 .rodata.matrixDebugCLIDict_DescEntry
                0x0000000000007fc0       0x86 CMakeFiles/kiibohd.elf.dir/Scan/MatrixARM/matrix_scan.c.o
                0x0000000000007fc0                matrixDebugCLIDict_DescEntry
 .rodata.str1.1
                0x0000000000008046      0x1c3 CMakeFiles/kiibohd.elf.dir/Scan/MatrixARM/matrix_scan.c.o
                                        0x1cd (size before relaxing)
 .rodata.matrixStateCLIDict_DescEntry
                0x0000000000008209       0x9a CMakeFiles/kiibohd.elf.dir/Scan/MatrixARM/matrix_scan.c.o
                0x0000000000008209                matrixStateCLIDict_DescEntry
 .rodata.matrixCLIDictName
                0x00000000000082a3       0x17 CMakeFiles/kiibohd.elf.dir/Scan/MatrixARM/matrix_scan.c.o
                0x00000000000082a3                matrixCLIDictName
 *fill*         0x00000000000082ba        0x2 
 .rodata.matrixCLIDict
                0x00000000000082bc       0x24 CMakeFiles/kiibohd.elf.dir/Scan/MatrixARM/matrix_scan.c.o
                0x00000000000082bc                matrixCLIDict
 .rodata        0x00000000000082e0      0x53c CMakeFiles/kiibohd.elf.dir/Scan/STLcd/lcd_scan.c.o
 .rodata.lcdTestCLIDict_DescEntry
                0x000000000000881c       0x1a CMakeFiles/kiibohd.elf.dir/Scan/STLcd/lcd_scan.c.o
                0x000000000000881c                lcdTestCLIDict_DescEntry
 .rodata.lcdCLIDictName
                0x0000000000008836       0x17 CMakeFiles/kiibohd.elf.dir/Scan/STLcd/lcd_scan.c.o
                0x0000000000008836                lcdCLIDictName
 *fill*         0x000000000000884d        0x3 
 .rodata.lcdCLIDict
                0x0000000000008850       0x48 CMakeFiles/kiibohd.elf.dir/Scan/STLcd/lcd_scan.c.o
                0x0000000000008850                lcdCLIDict
 .rodata.str1.1
                0x0000000000008898       0xa1 CMakeFiles/kiibohd.elf.dir/Scan/STLcd/lcd_scan.c.o
                                         0xa4 (size before relaxing)
 .rodata.lcdCmdCLIDict_DescEntry
                0x0000000000008939       0x44 CMakeFiles/kiibohd.elf.dir/Scan/STLcd/lcd_scan.c.o
                0x0000000000008939                lcdCmdCLIDict_DescEntry
 .rodata.STLcdDefaultImage
                0x000000000000897d      0x200 CMakeFiles/kiibohd.elf.dir/Scan/STLcd/lcd_scan.c.o
                0x000000000000897d                STLcdDefaultImage
 .rodata.lcdColorCLIDict_DescEntry
                0x0000000000008b7d       0x45 CMakeFiles/kiibohd.elf.dir/Scan/STLcd/lcd_scan.c.o
                0x0000000000008b7d                lcdColorCLIDict_DescEntry
 .rodata.lcdDispCLIDict_DescEntry
                0x0000000000008bc2       0x4e CMakeFiles/kiibohd.elf.dir/Scan/STLcd/lcd_scan.c.o
                0x0000000000008bc2                lcdDispCLIDict_DescEntry
 .rodata.lcdInitCLIDict_DescEntry
                0x0000000000008c10       0x1f CMakeFiles/kiibohd.elf.dir/Scan/STLcd/lcd_scan.c.o
                0x0000000000008c10                lcdInitCLIDict_DescEntry
 *fill*         0x0000000000008c2f        0x1 
 .rodata        0x0000000000008c30       0x30 CMakeFiles/kiibohd.elf.dir/Scan/UARTConnect/connect_scan.c.o
 .rodata.uartConnectCLIDict
                0x0000000000008c60       0x60 CMakeFiles/kiibohd.elf.dir/Scan/UARTConnect/connect_scan.c.o
                0x0000000000008c60                uartConnectCLIDict
 .rodata.connectDbgCLIDict_DescEntry
                0x0000000000008cc0       0x1f CMakeFiles/kiibohd.elf.dir/Scan/UARTConnect/connect_scan.c.o
                0x0000000000008cc0                connectDbgCLIDict_DescEntry
 .rodata.connectStsCLIDict_DescEntry
                0x0000000000008cdf       0x14 CMakeFiles/kiibohd.elf.dir/Scan/UARTConnect/connect_scan.c.o
                0x0000000000008cdf                connectStsCLIDict_DescEntry
 .rodata.str1.1
                0x0000000000008cf3      0x5a6 CMakeFiles/kiibohd.elf.dir/Scan/UARTConnect/connect_scan.c.o
                                        0x5af (size before relaxing)
 .rodata.connectLstCLIDict_DescEntry
                0x0000000000009299       0x32 CMakeFiles/kiibohd.elf.dir/Scan/UARTConnect/connect_scan.c.o
                0x0000000000009299                connectLstCLIDict_DescEntry
 .rodata.uartConnectCLIDictName
                0x00000000000092cb       0x1c CMakeFiles/kiibohd.elf.dir/Scan/UARTConnect/connect_scan.c.o
                0x00000000000092cb                uartConnectCLIDictName
 .rodata.connectMstCLIDict_DescEntry
                0x00000000000092e7       0x3e CMakeFiles/kiibohd.elf.dir/Scan/UARTConnect/connect_scan.c.o
                0x00000000000092e7                connectMstCLIDict_DescEntry
 .rodata.connectRstCLIDict_DescEntry
                0x0000000000009325       0x3b CMakeFiles/kiibohd.elf.dir/Scan/UARTConnect/connect_scan.c.o
                0x0000000000009325                connectRstCLIDict_DescEntry
 .rodata.connectCmdCLIDict_DescEntry
                0x0000000000009360       0x6c CMakeFiles/kiibohd.elf.dir/Scan/UARTConnect/connect_scan.c.o
                0x0000000000009360                connectCmdCLIDict_DescEntry
 .rodata.connectIdlCLIDict_DescEntry
                0x00000000000093cc       0x61 CMakeFiles/kiibohd.elf.dir/Scan/UARTConnect/connect_scan.c.o
                0x00000000000093cc                connectIdlCLIDict_DescEntry
 .rodata.tm136_guide
                0x000000000000942d        0x5 CMakeFiles/kiibohd.elf.dir/Macro/PartialMap/macro.c.o
                0x000000000000942d                tm136_guide
 *fill*         0x0000000000009432        0x2 
 .rodata.default_tl_0x2C
                0x0000000000009434        0x8 CMakeFiles/kiibohd.elf.dir/Macro/PartialMap/macro.c.o
                0x0000000000009434                default_tl_0x2C
 .rodata.default_tl_0x2D
                0x000000000000943c        0x4 CMakeFiles/kiibohd.elf.dir/Macro/PartialMap/macro.c.o
                0x000000000000943c                default_tl_0x2D
 .rodata.default_tl_0x2E
                0x0000000000009440        0x4 CMakeFiles/kiibohd.elf.dir/Macro/PartialMap/macro.c.o
                0x0000000000009440                default_tl_0x2E
 .rodata.str1.1
                0x0000000000009444      0x6df CMakeFiles/kiibohd.elf.dir/Macro/PartialMap/macro.c.o
                                        0x709 (size before relaxing)
 .rodata.rm102_guide
                0x0000000000009b23        0x4 CMakeFiles/kiibohd.elf.dir/Macro/PartialMap/macro.c.o
                0x0000000000009b23                rm102_guide
 .rodata.tm24_guide
                0x0000000000009b27        0x5 CMakeFiles/kiibohd.elf.dir/Macro/PartialMap/macro.c.o
                0x0000000000009b27                tm24_guide
 .rodata.rm40_guide
                0x0000000000009b2c        0x4 CMakeFiles/kiibohd.elf.dir/Macro/PartialMap/macro.c.o
                0x0000000000009b2c                rm40_guide
 .rodata.tm0_guide
                0x0000000000009b30        0x5 CMakeFiles/kiibohd.elf.dir/Macro/PartialMap/macro.c.o
                0x0000000000009b30                tm0_guide
 .rodata.tm18_guide
                0x0000000000009b35        0x5 CMakeFiles/kiibohd.elf.dir/Macro/PartialMap/macro.c.o
                0x0000000000009b35                tm18_guide
 .rodata.rm93_guide
                0x0000000000009b3a        0x6 CMakeFiles/kiibohd.elf.dir/Macro/PartialMap/macro.c.o
                0x0000000000009b3a                rm93_guide
 .rodata.default_tl_0x44
                0x0000000000009b40        0x8 CMakeFiles/kiibohd.elf.dir/Macro/PartialMap/macro.c.o
                0x0000000000009b40                default_tl_0x44
 .rodata.default_tl_0x45
                0x0000000000009b48        0x8 CMakeFiles/kiibohd.elf.dir/Macro/PartialMap/macro.c.o
                0x0000000000009b48                default_tl_0x45
 .rodata.rm87_guide
                0x0000000000009b50        0x4 CMakeFiles/kiibohd.elf.dir/Macro/PartialMap/macro.c.o
                0x0000000000009b50                rm87_guide
 .rodata.default_tl_0x47
                0x0000000000009b54        0x8 CMakeFiles/kiibohd.elf.dir/Macro/PartialMap/macro.c.o
                0x0000000000009b54                default_tl_0x47
 .rodata.macroCLIDictName
                0x0000000000009b5c       0x16 CMakeFiles/kiibohd.elf.dir/Macro/PartialMap/macro.c.o
                0x0000000000009b5c                macroCLIDictName
 .rodata.tm41_guide
                0x0000000000009b72        0x5 CMakeFiles/kiibohd.elf.dir/Macro/PartialMap/macro.c.o
                0x0000000000009b72                tm41_guide
 .rodata.tm93_guide
                0x0000000000009b77        0x5 CMakeFiles/kiibohd.elf.dir/Macro/PartialMap/macro.c.o
                0x0000000000009b77                tm93_guide
 .rodata.keyReleaseCLIDict_DescEntry
                0x0000000000009b7c       0x6b CMakeFiles/kiibohd.elf.dir/Macro/PartialMap/macro.c.o
                0x0000000000009b7c                keyReleaseCLIDict_DescEntry
 .rodata.tm65_guide
                0x0000000000009be7        0x5 CMakeFiles/kiibohd.elf.dir/Macro/PartialMap/macro.c.o
                0x0000000000009be7                tm65_guide
 .rodata.tm2_guide
                0x0000000000009bec        0x5 CMakeFiles/kiibohd.elf.dir/Macro/PartialMap/macro.c.o
                0x0000000000009bec                tm2_guide
 .rodata.tm37_guide
                0x0000000000009bf1        0x5 CMakeFiles/kiibohd.elf.dir/Macro/PartialMap/macro.c.o
                0x0000000000009bf1                tm37_guide
 *fill*         0x0000000000009bf6        0x2 
 .rodata.default_tl_0x30
                0x0000000000009bf8        0x8 CMakeFiles/kiibohd.elf.dir/Macro/PartialMap/macro.c.o
                0x0000000000009bf8                default_tl_0x30
 .rodata.default_tl_0x31
                0x0000000000009c00        0x8 CMakeFiles/kiibohd.elf.dir/Macro/PartialMap/macro.c.o
                0x0000000000009c00                default_tl_0x31
 .rodata.default_tl_0x32
                0x0000000000009c08        0x8 CMakeFiles/kiibohd.elf.dir/Macro/PartialMap/macro.c.o
                0x0000000000009c08                default_tl_0x32
 .rodata.default_tl_0x33
                0x0000000000009c10        0x8 CMakeFiles/kiibohd.elf.dir/Macro/PartialMap/macro.c.o
                0x0000000000009c10                default_tl_0x33
 .rodata.default_tl_0x34
                0x0000000000009c18        0x8 CMakeFiles/kiibohd.elf.dir/Macro/PartialMap/macro.c.o
                0x0000000000009c18                default_tl_0x34
 .rodata.default_tl_0x35
                0x0000000000009c20        0x8 CMakeFiles/kiibohd.elf.dir/Macro/PartialMap/macro.c.o
                0x0000000000009c20                default_tl_0x35
 .rodata.default_tl_0x36
                0x0000000000009c28        0x4 CMakeFiles/kiibohd.elf.dir/Macro/PartialMap/macro.c.o
                0x0000000000009c28                default_tl_0x36
 .rodata.default_tl_0x37
                0x0000000000009c2c        0x4 CMakeFiles/kiibohd.elf.dir/Macro/PartialMap/macro.c.o
                0x0000000000009c2c                default_tl_0x37
 .rodata.default_tl_0x38
                0x0000000000009c30        0x8 CMakeFiles/kiibohd.elf.dir/Macro/PartialMap/macro.c.o
                0x0000000000009c30                default_tl_0x38
 .rodata.default_tl_0x39
                0x0000000000009c38        0x8 CMakeFiles/kiibohd.elf.dir/Macro/PartialMap/macro.c.o
                0x0000000000009c38                default_tl_0x39
 .rodata.tm72_guide
                0x0000000000009c40        0x5 CMakeFiles/kiibohd.elf.dir/Macro/PartialMap/macro.c.o
                0x0000000000009c40                tm72_guide
 .rodata.tm125_guide
                0x0000000000009c45        0x5 CMakeFiles/kiibohd.elf.dir/Macro/PartialMap/macro.c.o
                0x0000000000009c45                tm125_guide
 .rodata.rm54_guide
                0x0000000000009c4a        0x4 CMakeFiles/kiibohd.elf.dir/Macro/PartialMap/macro.c.o
                0x0000000000009c4a                rm54_guide
 *fill*         0x0000000000009c4e        0x2 
 .rodata.default_tl_0x3A
                0x0000000000009c50        0x8 CMakeFiles/kiibohd.elf.dir/Macro/PartialMap/macro.c.o
                0x0000000000009c50                default_tl_0x3A
 .rodata.default_tl_0x3B
                0x0000000000009c58        0x8 CMakeFiles/kiibohd.elf.dir/Macro/PartialMap/macro.c.o
                0x0000000000009c58                default_tl_0x3B
 .rodata.default_tl_0x3C
                0x0000000000009c60        0x8 CMakeFiles/kiibohd.elf.dir/Macro/PartialMap/macro.c.o
                0x0000000000009c60                default_tl_0x3C
 .rodata.default_tl_0x3D
                0x0000000000009c68        0x8 CMakeFiles/kiibohd.elf.dir/Macro/PartialMap/macro.c.o
                0x0000000000009c68                default_tl_0x3D
 .rodata.default_tl_0x3E
                0x0000000000009c70        0x8 CMakeFiles/kiibohd.elf.dir/Macro/PartialMap/macro.c.o
                0x0000000000009c70                default_tl_0x3E
 .rodata.default_tl_0x3F
                0x0000000000009c78        0x4 CMakeFiles/kiibohd.elf.dir/Macro/PartialMap/macro.c.o
                0x0000000000009c78                default_tl_0x3F
 .rodata.rm109_guide
                0x0000000000009c7c        0x4 CMakeFiles/kiibohd.elf.dir/Macro/PartialMap/macro.c.o
                0x0000000000009c7c                rm109_guide
 .rodata.rm81_guide
                0x0000000000009c80        0x6 CMakeFiles/kiibohd.elf.dir/Macro/PartialMap/macro.c.o
                0x0000000000009c80                rm81_guide
 .rodata.macroStepCLIDict_DescEntry
                0x0000000000009c86       0x2c CMakeFiles/kiibohd.elf.dir/Macro/PartialMap/macro.c.o
                0x0000000000009c86                macroStepCLIDict_DescEntry
 .rodata.rm53_guide
                0x0000000000009cb2        0x4 CMakeFiles/kiibohd.elf.dir/Macro/PartialMap/macro.c.o
                0x0000000000009cb2                rm53_guide
 .rodata.rm25_guide
                0x0000000000009cb6        0x4 CMakeFiles/kiibohd.elf.dir/Macro/PartialMap/macro.c.o
                0x0000000000009cb6                rm25_guide
 .rodata.rm21_guide
                0x0000000000009cba        0x4 CMakeFiles/kiibohd.elf.dir/Macro/PartialMap/macro.c.o
                0x0000000000009cba                rm21_guide
 .rodata.capSelectCLIDict_DescEntry
                0x0000000000009cbe       0x76 CMakeFiles/kiibohd.elf.dir/Macro/PartialMap/macro.c.o
                0x0000000000009cbe                capSelectCLIDict_DescEntry
 .rodata.rm77_guide
                0x0000000000009d34        0x4 CMakeFiles/kiibohd.elf.dir/Macro/PartialMap/macro.c.o
                0x0000000000009d34                rm77_guide
 .rodata.InterconnectOffsetList
                0x0000000000009d38        0x2 CMakeFiles/kiibohd.elf.dir/Macro/PartialMap/macro.c.o
                0x0000000000009d38                InterconnectOffsetList
 .rodata.rm49_guide
                0x0000000000009d3a        0x4 CMakeFiles/kiibohd.elf.dir/Macro/PartialMap/macro.c.o
                0x0000000000009d3a                rm49_guide
 .rodata.capListCLIDict_DescEntry
                0x0000000000009d3e       0x3c CMakeFiles/kiibohd.elf.dir/Macro/PartialMap/macro.c.o
                0x0000000000009d3e                capListCLIDict_DescEntry
 .rodata.rm99_guide
                0x0000000000009d7a        0x4 CMakeFiles/kiibohd.elf.dir/Macro/PartialMap/macro.c.o
                0x0000000000009d7a                rm99_guide
 .rodata.tm82_guide
                0x0000000000009d7e        0x5 CMakeFiles/kiibohd.elf.dir/Macro/PartialMap/macro.c.o
                0x0000000000009d7e                tm82_guide
 .rodata.tm54_guide
                0x0000000000009d83        0x5 CMakeFiles/kiibohd.elf.dir/Macro/PartialMap/macro.c.o
                0x0000000000009d83                tm54_guide
 .rodata.rm22_guide
                0x0000000000009d88        0x4 CMakeFiles/kiibohd.elf.dir/Macro/PartialMap/macro.c.o
                0x0000000000009d88                rm22_guide
 .rodata.tm26_guide
                0x0000000000009d8c        0x5 CMakeFiles/kiibohd.elf.dir/Macro/PartialMap/macro.c.o
                0x0000000000009d8c                tm26_guide
 .rodata.tm78_guide
                0x0000000000009d91        0x5 CMakeFiles/kiibohd.elf.dir/Macro/PartialMap/macro.c.o
                0x0000000000009d91                tm78_guide
 *fill*         0x0000000000009d96        0x2 
 .rodata.macroCLIDict
                0x0000000000009d98       0xa8 CMakeFiles/kiibohd.elf.dir/Macro/PartialMap/macro.c.o
                0x0000000000009d98                macroCLIDict
 .rodata.rm85_guide
                0x0000000000009e40        0x4 CMakeFiles/kiibohd.elf.dir/Macro/PartialMap/macro.c.o
                0x0000000000009e40                rm85_guide
 .rodata.default_tl_0x40
                0x0000000000009e44        0x4 CMakeFiles/kiibohd.elf.dir/Macro/PartialMap/macro.c.o
                0x0000000000009e44                default_tl_0x40
 .rodata.default_tl_0x41
                0x0000000000009e48        0x4 CMakeFiles/kiibohd.elf.dir/Macro/PartialMap/macro.c.o
                0x0000000000009e48                default_tl_0x41
 .rodata.default_tl_0x42
                0x0000000000009e4c        0x8 CMakeFiles/kiibohd.elf.dir/Macro/PartialMap/macro.c.o
                0x0000000000009e4c                default_tl_0x42
 .rodata.default_tl_0x43
                0x0000000000009e54        0x8 CMakeFiles/kiibohd.elf.dir/Macro/PartialMap/macro.c.o
                0x0000000000009e54                default_tl_0x43
 .rodata.layer1_tl_0x0C
                0x0000000000009e5c        0x8 CMakeFiles/kiibohd.elf.dir/Macro/PartialMap/macro.c.o
                0x0000000000009e5c                layer1_tl_0x0C
 .rodata.layer1_tl_0x0D
                0x0000000000009e64        0x8 CMakeFiles/kiibohd.elf.dir/Macro/PartialMap/macro.c.o
                0x0000000000009e64                layer1_tl_0x0D
 .rodata.default_tl_0x46
                0x0000000000009e6c        0x8 CMakeFiles/kiibohd.elf.dir/Macro/PartialMap/macro.c.o
                0x0000000000009e6c                default_tl_0x46
 .rodata.layer1_tl_0x0F
                0x0000000000009e74        0x8 CMakeFiles/kiibohd.elf.dir/Macro/PartialMap/macro.c.o
                0x0000000000009e74                layer1_tl_0x0F
 .rodata.default_tl_0x48
                0x0000000000009e7c        0x8 CMakeFiles/kiibohd.elf.dir/Macro/PartialMap/macro.c.o
                0x0000000000009e7c                default_tl_0x48
 .rodata.default_tl_0x49
                0x0000000000009e84        0x8 CMakeFiles/kiibohd.elf.dir/Macro/PartialMap/macro.c.o
                0x0000000000009e84                default_tl_0x49
 .rodata.tm7_guide
                0x0000000000009e8c        0x5 CMakeFiles/kiibohd.elf.dir/Macro/PartialMap/macro.c.o
                0x0000000000009e8c                tm7_guide
 .rodata.rm79_guide
                0x0000000000009e91        0x6 CMakeFiles/kiibohd.elf.dir/Macro/PartialMap/macro.c.o
                0x0000000000009e91                rm79_guide
 .rodata.tm138_guide
                0x0000000000009e97        0x5 CMakeFiles/kiibohd.elf.dir/Macro/PartialMap/macro.c.o
                0x0000000000009e97                tm138_guide
 .rodata.default_tl_0x4A
                0x0000000000009e9c        0x8 CMakeFiles/kiibohd.elf.dir/Macro/PartialMap/macro.c.o
                0x0000000000009e9c                default_tl_0x4A
 .rodata.default_tl_0x4B
                0x0000000000009ea4        0x8 CMakeFiles/kiibohd.elf.dir/Macro/PartialMap/macro.c.o
                0x0000000000009ea4                default_tl_0x4B
 .rodata.default_tl_0x4C
                0x0000000000009eac        0x8 CMakeFiles/kiibohd.elf.dir/Macro/PartialMap/macro.c.o
                0x0000000000009eac                default_tl_0x4C
 .rodata.default_tl_0x4D
                0x0000000000009eb4        0x8 CMakeFiles/kiibohd.elf.dir/Macro/PartialMap/macro.c.o
                0x0000000000009eb4                default_tl_0x4D
 .rodata.default_tl_0x4E
                0x0000000000009ebc        0x8 CMakeFiles/kiibohd.elf.dir/Macro/PartialMap/macro.c.o
                0x0000000000009ebc                default_tl_0x4E
 .rodata.default_tl_0x4F
                0x0000000000009ec4        0x8 CMakeFiles/kiibohd.elf.dir/Macro/PartialMap/macro.c.o
                0x0000000000009ec4                default_tl_0x4F
 .rodata.layer1_tl_0x47
                0x0000000000009ecc        0x4 CMakeFiles/kiibohd.elf.dir/Macro/PartialMap/macro.c.o
                0x0000000000009ecc                layer1_tl_0x47
 .rodata.tm20_guide
                0x0000000000009ed0        0x5 CMakeFiles/kiibohd.elf.dir/Macro/PartialMap/macro.c.o
                0x0000000000009ed0                tm20_guide
 .rodata.rm70_guide
                0x0000000000009ed5        0x6 CMakeFiles/kiibohd.elf.dir/Macro/PartialMap/macro.c.o
                0x0000000000009ed5                rm70_guide
 .rodata.rm98_guide
                0x0000000000009edb        0x4 CMakeFiles/kiibohd.elf.dir/Macro/PartialMap/macro.c.o
                0x0000000000009edb                rm98_guide
 *fill*         0x0000000000009edf        0x1 
 .rodata.default_tl_0x57
                0x0000000000009ee0        0x8 CMakeFiles/kiibohd.elf.dir/Macro/PartialMap/macro.c.o
                0x0000000000009ee0                default_tl_0x57
 .rodata.rm42_guide
                0x0000000000009ee8        0x4 CMakeFiles/kiibohd.elf.dir/Macro/PartialMap/macro.c.o
                0x0000000000009ee8                rm42_guide
 .rodata.rm46_guide
                0x0000000000009eec        0x4 CMakeFiles/kiibohd.elf.dir/Macro/PartialMap/macro.c.o
                0x0000000000009eec                rm46_guide
 .rodata.ResultMacroList
                0x0000000000009ef0      0x1c0 CMakeFiles/kiibohd.elf.dir/Macro/PartialMap/macro.c.o
                0x0000000000009ef0                ResultMacroList
 .rodata.default_tl_0x50
                0x000000000000a0b0        0x8 CMakeFiles/kiibohd.elf.dir/Macro/PartialMap/macro.c.o
                0x000000000000a0b0                default_tl_0x50
 .rodata.rm66_guide
                0x000000000000a0b8        0x6 CMakeFiles/kiibohd.elf.dir/Macro/PartialMap/macro.c.o
                0x000000000000a0b8                rm66_guide
 *fill*         0x000000000000a0be        0x2 
 .rodata.default_tl_0x52
                0x000000000000a0c0        0x8 CMakeFiles/kiibohd.elf.dir/Macro/PartialMap/macro.c.o
                0x000000000000a0c0                default_tl_0x52
 .rodata.default_tl_0x53
                0x000000000000a0c8        0x8 CMakeFiles/kiibohd.elf.dir/Macro/PartialMap/macro.c.o
                0x000000000000a0c8                default_tl_0x53
 .rodata.rm18_guide
                0x000000000000a0d0        0x4 CMakeFiles/kiibohd.elf.dir/Macro/PartialMap/macro.c.o
                0x000000000000a0d0                rm18_guide
 .rodata.default_tl_0x54
                0x000000000000a0d4        0x8 CMakeFiles/kiibohd.elf.dir/Macro/PartialMap/macro.c.o
                0x000000000000a0d4                default_tl_0x54
 .rodata.default_tl_0x55
                0x000000000000a0dc        0x8 CMakeFiles/kiibohd.elf.dir/Macro/PartialMap/macro.c.o
                0x000000000000a0dc                default_tl_0x55
 .rodata.rm5_guide
                0x000000000000a0e4        0x4 CMakeFiles/kiibohd.elf.dir/Macro/PartialMap/macro.c.o
                0x000000000000a0e4                rm5_guide
 .rodata.default_tl_0x56
                0x000000000000a0e8        0x8 CMakeFiles/kiibohd.elf.dir/Macro/PartialMap/macro.c.o
                0x000000000000a0e8                default_tl_0x56
 .rodata.layer1_tl_0x10
                0x000000000000a0f0        0x4 CMakeFiles/kiibohd.elf.dir/Macro/PartialMap/macro.c.o
                0x000000000000a0f0                layer1_tl_0x10
 .rodata.layer1_tl_0x11
                0x000000000000a0f4        0x4 CMakeFiles/kiibohd.elf.dir/Macro/PartialMap/macro.c.o
                0x000000000000a0f4                layer1_tl_0x11
 .rodata.layer1_tl_0x12
                0x000000000000a0f8        0x4 CMakeFiles/kiibohd.elf.dir/Macro/PartialMap/macro.c.o
                0x000000000000a0f8                layer1_tl_0x12
 .rodata.layer1_tl_0x13
                0x000000000000a0fc        0x4 CMakeFiles/kiibohd.elf.dir/Macro/PartialMap/macro.c.o
                0x000000000000a0fc                layer1_tl_0x13
 .rodata.layer1_tl_0x14
                0x000000000000a100        0x4 CMakeFiles/kiibohd.elf.dir/Macro/PartialMap/macro.c.o
                0x000000000000a100                layer1_tl_0x14
 .rodata.layer1_tl_0x15
                0x000000000000a104        0x8 CMakeFiles/kiibohd.elf.dir/Macro/PartialMap/macro.c.o
                0x000000000000a104                layer1_tl_0x15
 .rodata.layer1_tl_0x16
                0x000000000000a10c        0x8 CMakeFiles/kiibohd.elf.dir/Macro/PartialMap/macro.c.o
                0x000000000000a10c                layer1_tl_0x16
 .rodata.layer1_tl_0x17
                0x000000000000a114        0x8 CMakeFiles/kiibohd.elf.dir/Macro/PartialMap/macro.c.o
                0x000000000000a114                layer1_tl_0x17
 .rodata.layer1_tl_0x18
                0x000000000000a11c        0x8 CMakeFiles/kiibohd.elf.dir/Macro/PartialMap/macro.c.o
                0x000000000000a11c                layer1_tl_0x18
 .rodata.layer1_tl_0x19
                0x000000000000a124        0x8 CMakeFiles/kiibohd.elf.dir/Macro/PartialMap/macro.c.o
                0x000000000000a124                layer1_tl_0x19
 .rodata.tm39_guide
                0x000000000000a12c        0x5 CMakeFiles/kiibohd.elf.dir/Macro/PartialMap/macro.c.o
                0x000000000000a12c                tm39_guide
 .rodata.tm131_guide
                0x000000000000a131        0x5 CMakeFiles/kiibohd.elf.dir/Macro/PartialMap/macro.c.o
                0x000000000000a131                tm131_guide
 *fill*         0x000000000000a136        0x2 
 .rodata.default_tl_0x51
                0x000000000000a138        0x8 CMakeFiles/kiibohd.elf.dir/Macro/PartialMap/macro.c.o
                0x000000000000a138                default_tl_0x51
 .rodata.layer1_tl_0x1A
                0x000000000000a140        0x4 CMakeFiles/kiibohd.elf.dir/Macro/PartialMap/macro.c.o
                0x000000000000a140                layer1_tl_0x1A
 .rodata.layer1_tl_0x1B
                0x000000000000a144        0x4 CMakeFiles/kiibohd.elf.dir/Macro/PartialMap/macro.c.o
                0x000000000000a144                layer1_tl_0x1B
 .rodata.layer1_tl_0x1C
                0x000000000000a148        0x4 CMakeFiles/kiibohd.elf.dir/Macro/PartialMap/macro.c.o
                0x000000000000a148                layer1_tl_0x1C
 .rodata.layer1_tl_0x1D
                0x000000000000a14c        0x4 CMakeFiles/kiibohd.elf.dir/Macro/PartialMap/macro.c.o
                0x000000000000a14c                layer1_tl_0x1D
 .rodata.layer1_tl_0x1E
                0x000000000000a150        0x4 CMakeFiles/kiibohd.elf.dir/Macro/PartialMap/macro.c.o
                0x000000000000a150                layer1_tl_0x1E
 .rodata.layer1_tl_0x1F
                0x000000000000a154        0x8 CMakeFiles/kiibohd.elf.dir/Macro/PartialMap/macro.c.o
                0x000000000000a154                layer1_tl_0x1F
 .rodata.default_tl_0x58
                0x000000000000a15c        0x8 CMakeFiles/kiibohd.elf.dir/Macro/PartialMap/macro.c.o
                0x000000000000a15c                default_tl_0x58
 .rodata.default_tl_0x59
                0x000000000000a164        0x8 CMakeFiles/kiibohd.elf.dir/Macro/PartialMap/macro.c.o
                0x000000000000a164                default_tl_0x59
 .rodata.tm127_guide
                0x000000000000a16c        0x5 CMakeFiles/kiibohd.elf.dir/Macro/PartialMap/macro.c.o
                0x000000000000a16c                tm127_guide
 .rodata.rm94_guide
                0x000000000000a171        0x4 CMakeFiles/kiibohd.elf.dir/Macro/PartialMap/macro.c.o
                0x000000000000a171                rm94_guide
 .rodata.tm97_guide
                0x000000000000a175        0x5 CMakeFiles/kiibohd.elf.dir/Macro/PartialMap/macro.c.o
                0x000000000000a175                tm97_guide
 .rodata.rm97_guide
                0x000000000000a17a        0x4 CMakeFiles/kiibohd.elf.dir/Macro/PartialMap/macro.c.o
                0x000000000000a17a                rm97_guide
 .rodata.tm4_guide
                0x000000000000a17e        0x5 CMakeFiles/kiibohd.elf.dir/Macro/PartialMap/macro.c.o
                0x000000000000a17e                tm4_guide
 .rodata.tm95_guide
                0x000000000000a183        0x5 CMakeFiles/kiibohd.elf.dir/Macro/PartialMap/macro.c.o
                0x000000000000a183                tm95_guide
 .rodata.tm30_guide
                0x000000000000a188        0x5 CMakeFiles/kiibohd.elf.dir/Macro/PartialMap/macro.c.o
                0x000000000000a188                tm30_guide
 .rodata.tm89_guide
                0x000000000000a18d        0x5 CMakeFiles/kiibohd.elf.dir/Macro/PartialMap/macro.c.o
                0x000000000000a18d                tm89_guide
 .rodata.rm31_guide
                0x000000000000a192        0x4 CMakeFiles/kiibohd.elf.dir/Macro/PartialMap/macro.c.o
                0x000000000000a192                rm31_guide
 .rodata.rm83_guide
                0x000000000000a196        0x4 CMakeFiles/kiibohd.elf.dir/Macro/PartialMap/macro.c.o
                0x000000000000a196                rm83_guide
 .rodata.tm69_guide
                0x000000000000a19a        0x5 CMakeFiles/kiibohd.elf.dir/Macro/PartialMap/macro.c.o
                0x000000000000a19a                tm69_guide
 .rodata.tm29_guide
                0x000000000000a19f        0x5 CMakeFiles/kiibohd.elf.dir/Macro/PartialMap/macro.c.o
                0x000000000000a19f                tm29_guide
 .rodata.rm27_guide
                0x000000000000a1a4        0x4 CMakeFiles/kiibohd.elf.dir/Macro/PartialMap/macro.c.o
                0x000000000000a1a4                rm27_guide
 .rodata.layer2_tl_0x3D
                0x000000000000a1a8        0x4 CMakeFiles/kiibohd.elf.dir/Macro/PartialMap/macro.c.o
                0x000000000000a1a8                layer2_tl_0x3D
 .rodata.tm60_guide
                0x000000000000a1ac        0x5 CMakeFiles/kiibohd.elf.dir/Macro/PartialMap/macro.c.o
                0x000000000000a1ac                tm60_guide
 .rodata.tm56_guide
                0x000000000000a1b1        0x5 CMakeFiles/kiibohd.elf.dir/Macro/PartialMap/macro.c.o
                0x000000000000a1b1                tm56_guide
 .rodata.tm108_guide
                0x000000000000a1b6        0x5 CMakeFiles/kiibohd.elf.dir/Macro/PartialMap/macro.c.o
                0x000000000000a1b6                tm108_guide
 .rodata.tm84_guide
                0x000000000000a1bb        0x5 CMakeFiles/kiibohd.elf.dir/Macro/PartialMap/macro.c.o
                0x000000000000a1bb                tm84_guide
 .rodata.layer1_tl_0x20
                0x000000000000a1c0        0x8 CMakeFiles/kiibohd.elf.dir/Macro/PartialMap/macro.c.o
                0x000000000000a1c0                layer1_tl_0x20
 .rodata.layer1_tl_0x21
                0x000000000000a1c8        0x8 CMakeFiles/kiibohd.elf.dir/Macro/PartialMap/macro.c.o
                0x000000000000a1c8                layer1_tl_0x21
 .rodata.layer1_tl_0x22
                0x000000000000a1d0        0x8 CMakeFiles/kiibohd.elf.dir/Macro/PartialMap/macro.c.o
                0x000000000000a1d0                layer1_tl_0x22
 .rodata.layer1_tl_0x23
                0x000000000000a1d8        0x4 CMakeFiles/kiibohd.elf.dir/Macro/PartialMap/macro.c.o
                0x000000000000a1d8                layer1_tl_0x23
 .rodata.layer1_tl_0x24
                0x000000000000a1dc        0x4 CMakeFiles/kiibohd.elf.dir/Macro/PartialMap/macro.c.o
                0x000000000000a1dc                layer1_tl_0x24
 .rodata.layer1_tl_0x25
                0x000000000000a1e0        0x4 CMakeFiles/kiibohd.elf.dir/Macro/PartialMap/macro.c.o
                0x000000000000a1e0                layer1_tl_0x25
 .rodata.layer1_tl_0x26
                0x000000000000a1e4        0x4 CMakeFiles/kiibohd.elf.dir/Macro/PartialMap/macro.c.o
                0x000000000000a1e4                layer1_tl_0x26
 .rodata.layer1_tl_0x27
                0x000000000000a1e8        0x4 CMakeFiles/kiibohd.elf.dir/Macro/PartialMap/macro.c.o
                0x000000000000a1e8                layer1_tl_0x27
 .rodata.layer1_tl_0x28
                0x000000000000a1ec        0x4 CMakeFiles/kiibohd.elf.dir/Macro/PartialMap/macro.c.o
                0x000000000000a1ec                layer1_tl_0x28
 .rodata.layer1_tl_0x29
                0x000000000000a1f0        0x4 CMakeFiles/kiibohd.elf.dir/Macro/PartialMap/macro.c.o
                0x000000000000a1f0                layer1_tl_0x29
 .rodata.tm120_guide
                0x000000000000a1f4        0x5 CMakeFiles/kiibohd.elf.dir/Macro/PartialMap/macro.c.o
                0x000000000000a1f4                tm120_guide
 *fill*         0x000000000000a1f9        0x3 
 .rodata.layer1_tl_0x2A
                0x000000000000a1fc        0x4 CMakeFiles/kiibohd.elf.dir/Macro/PartialMap/macro.c.o
                0x000000000000a1fc                layer1_tl_0x2A
 .rodata.layer1_tl_0x2B
                0x000000000000a200        0x4 CMakeFiles/kiibohd.elf.dir/Macro/PartialMap/macro.c.o
                0x000000000000a200                layer1_tl_0x2B
 .rodata.tm83_guide
                0x000000000000a204        0x5 CMakeFiles/kiibohd.elf.dir/Macro/PartialMap/macro.c.o
                0x000000000000a204                tm83_guide
 .rodata.tm116_guide
                0x000000000000a209        0x5 CMakeFiles/kiibohd.elf.dir/Macro/PartialMap/macro.c.o
                0x000000000000a209                tm116_guide
 *fill*         0x000000000000a20e        0x2 
 .rodata.layer1_tl_0x2E
                0x000000000000a210        0x4 CMakeFiles/kiibohd.elf.dir/Macro/PartialMap/macro.c.o
                0x000000000000a210                layer1_tl_0x2E
 .rodata.layer1_tl_0x2F
                0x000000000000a214        0x4 CMakeFiles/kiibohd.elf.dir/Macro/PartialMap/macro.c.o
                0x000000000000a214                layer1_tl_0x2F
 .rodata.rm110_guide
                0x000000000000a218        0x4 CMakeFiles/kiibohd.elf.dir/Macro/PartialMap/macro.c.o
                0x000000000000a218                rm110_guide
 .rodata.layer1_tl_0x0E
                0x000000000000a21c        0x8 CMakeFiles/kiibohd.elf.dir/Macro/PartialMap/macro.c.o
                0x000000000000a21c                layer1_tl_0x0E
 .rodata.tm23_guide
                0x000000000000a224        0x5 CMakeFiles/kiibohd.elf.dir/Macro/PartialMap/macro.c.o
                0x000000000000a224                tm23_guide
 *fill*         0x000000000000a229        0x3 
 .rodata.CapabilitiesList
                0x000000000000a22c       0x78 CMakeFiles/kiibohd.elf.dir/Macro/PartialMap/macro.c.o
                0x000000000000a22c                CapabilitiesList
 .rodata.rm106_guide
                0x000000000000a2a4        0x4 CMakeFiles/kiibohd.elf.dir/Macro/PartialMap/macro.c.o
                0x000000000000a2a4                rm106_guide
 .rodata.keyPressCLIDict_DescEntry
                0x000000000000a2a8       0x6e CMakeFiles/kiibohd.elf.dir/Macro/PartialMap/macro.c.o
                0x000000000000a2a8                keyPressCLIDict_DescEntry
 .rodata.tm17_guide
                0x000000000000a316        0x5 CMakeFiles/kiibohd.elf.dir/Macro/PartialMap/macro.c.o
                0x000000000000a316                tm17_guide
 .rodata.rm92_guide
                0x000000000000a31b        0x6 CMakeFiles/kiibohd.elf.dir/Macro/PartialMap/macro.c.o
                0x000000000000a31b                rm92_guide
 *fill*         0x000000000000a321        0x3 
 .rodata.layer2_tl_0x45
                0x000000000000a324        0x8 CMakeFiles/kiibohd.elf.dir/Macro/PartialMap/macro.c.o
                0x000000000000a324                layer2_tl_0x45
 .rodata.rm72_guide
                0x000000000000a32c        0x6 CMakeFiles/kiibohd.elf.dir/Macro/PartialMap/macro.c.o
                0x000000000000a32c                rm72_guide
 .rodata.tm15_guide
                0x000000000000a332        0x5 CMakeFiles/kiibohd.elf.dir/Macro/PartialMap/macro.c.o
                0x000000000000a332                tm15_guide
 .rodata.rm44_guide
                0x000000000000a337        0x4 CMakeFiles/kiibohd.elf.dir/Macro/PartialMap/macro.c.o
                0x000000000000a337                rm44_guide
 .rodata.tm55_guide
                0x000000000000a33b        0x5 CMakeFiles/kiibohd.elf.dir/Macro/PartialMap/macro.c.o
                0x000000000000a33b                tm55_guide
 .rodata.rm16_guide
                0x000000000000a340        0x4 CMakeFiles/kiibohd.elf.dir/Macro/PartialMap/macro.c.o
                0x000000000000a340                rm16_guide
 .rodata.rm68_guide
                0x000000000000a344        0x6 CMakeFiles/kiibohd.elf.dir/Macro/PartialMap/macro.c.o
                0x000000000000a344                rm68_guide
 .rodata.tm87_guide
                0x000000000000a34a        0x5 CMakeFiles/kiibohd.elf.dir/Macro/PartialMap/macro.c.o
                0x000000000000a34a                tm87_guide
 .rodata.rm26_guide
                0x000000000000a34f        0x5 CMakeFiles/kiibohd.elf.dir/Macro/PartialMap/macro.c.o
                0x000000000000a34f                rm26_guide
 .rodata.tm73_guide
                0x000000000000a354        0x5 CMakeFiles/kiibohd.elf.dir/Macro/PartialMap/macro.c.o
                0x000000000000a354                tm73_guide
 .rodata.rm7_guide
                0x000000000000a359        0x4 CMakeFiles/kiibohd.elf.dir/Macro/PartialMap/macro.c.o
                0x000000000000a359                rm7_guide
 .rodata.tm45_guide
                0x000000000000a35d        0x5 CMakeFiles/kiibohd.elf.dir/Macro/PartialMap/macro.c.o
                0x000000000000a35d                tm45_guide
 *fill*         0x000000000000a362        0x2 
 .rodata.layer1_tl_0x30
                0x000000000000a364        0x4 CMakeFiles/kiibohd.elf.dir/Macro/PartialMap/macro.c.o
                0x000000000000a364                layer1_tl_0x30
 .rodata.layer1_tl_0x31
                0x000000000000a368        0x4 CMakeFiles/kiibohd.elf.dir/Macro/PartialMap/macro.c.o
                0x000000000000a368                layer1_tl_0x31
 .rodata.layer1_tl_0x32
                0x000000000000a36c        0x4 CMakeFiles/kiibohd.elf.dir/Macro/PartialMap/macro.c.o
                0x000000000000a36c                layer1_tl_0x32
 .rodata.layer1_tl_0x33
                0x000000000000a370        0x4 CMakeFiles/kiibohd.elf.dir/Macro/PartialMap/macro.c.o
                0x000000000000a370                layer1_tl_0x33
 .rodata.layer1_tl_0x34
                0x000000000000a374        0x4 CMakeFiles/kiibohd.elf.dir/Macro/PartialMap/macro.c.o
                0x000000000000a374                layer1_tl_0x34
 .rodata.layer1_tl_0x35
                0x000000000000a378        0x4 CMakeFiles/kiibohd.elf.dir/Macro/PartialMap/macro.c.o
                0x000000000000a378                layer1_tl_0x35
 .rodata.layer1_tl_0x36
                0x000000000000a37c        0x4 CMakeFiles/kiibohd.elf.dir/Macro/PartialMap/macro.c.o
                0x000000000000a37c                layer1_tl_0x36
 .rodata.layer1_tl_0x37
                0x000000000000a380        0x4 CMakeFiles/kiibohd.elf.dir/Macro/PartialMap/macro.c.o
                0x000000000000a380                layer1_tl_0x37
 .rodata.layer1_tl_0x38
                0x000000000000a384        0x4 CMakeFiles/kiibohd.elf.dir/Macro/PartialMap/macro.c.o
                0x000000000000a384                layer1_tl_0x38
 .rodata.tm134_guide
                0x000000000000a388        0x5 CMakeFiles/kiibohd.elf.dir/Macro/PartialMap/macro.c.o
                0x000000000000a388                tm134_guide
 .rodata.tm133_guide
                0x000000000000a38d        0x5 CMakeFiles/kiibohd.elf.dir/Macro/PartialMap/macro.c.o
                0x000000000000a38d                tm133_guide
 .rodata.tm105_guide
                0x000000000000a392        0x5 CMakeFiles/kiibohd.elf.dir/Macro/PartialMap/macro.c.o
                0x000000000000a392                tm105_guide
 .rodata.tm11_guide
                0x000000000000a397        0x5 CMakeFiles/kiibohd.elf.dir/Macro/PartialMap/macro.c.o
                0x000000000000a397                tm11_guide
 .rodata.layer1_tl_0x3A
                0x000000000000a39c        0x8 CMakeFiles/kiibohd.elf.dir/Macro/PartialMap/macro.c.o
                0x000000000000a39c                layer1_tl_0x3A
 .rodata.layer1_tl_0x3B
                0x000000000000a3a4        0x8 CMakeFiles/kiibohd.elf.dir/Macro/PartialMap/macro.c.o
                0x000000000000a3a4                layer1_tl_0x3B
 .rodata.layer1_tl_0x3C
                0x000000000000a3ac        0x8 CMakeFiles/kiibohd.elf.dir/Macro/PartialMap/macro.c.o
                0x000000000000a3ac                layer1_tl_0x3C
 .rodata.layer1_tl_0x3D
                0x000000000000a3b4        0x4 CMakeFiles/kiibohd.elf.dir/Macro/PartialMap/macro.c.o
                0x000000000000a3b4                layer1_tl_0x3D
 .rodata.layer1_tl_0x3E
                0x000000000000a3b8        0x4 CMakeFiles/kiibohd.elf.dir/Macro/PartialMap/macro.c.o
                0x000000000000a3b8                layer1_tl_0x3E
 .rodata.tm129_guide
                0x000000000000a3bc        0x5 CMakeFiles/kiibohd.elf.dir/Macro/PartialMap/macro.c.o
                0x000000000000a3bc                tm129_guide
 .rodata.macroDebugCLIDict_DescEntry
                0x000000000000a3c1       0x51 CMakeFiles/kiibohd.elf.dir/Macro/PartialMap/macro.c.o
                0x000000000000a3c1                macroDebugCLIDict_DescEntry
 .rodata.tm99_guide
                0x000000000000a412        0x5 CMakeFiles/kiibohd.elf.dir/Macro/PartialMap/macro.c.o
                0x000000000000a412                tm99_guide
 .rodata.rm80_guide
                0x000000000000a417        0x6 CMakeFiles/kiibohd.elf.dir/Macro/PartialMap/macro.c.o
                0x000000000000a417                rm80_guide
 .rodata.tm32_guide
                0x000000000000a41d        0x5 CMakeFiles/kiibohd.elf.dir/Macro/PartialMap/macro.c.o
                0x000000000000a41d                tm32_guide
 .rodata.rm61_guide
                0x000000000000a422        0x4 CMakeFiles/kiibohd.elf.dir/Macro/PartialMap/macro.c.o
                0x000000000000a422                rm61_guide
 .rodata.rm33_guide
                0x000000000000a426        0x4 CMakeFiles/kiibohd.elf.dir/Macro/PartialMap/macro.c.o
                0x000000000000a426                rm33_guide
 .rodata.rm14_guide
                0x000000000000a42a        0x4 CMakeFiles/kiibohd.elf.dir/Macro/PartialMap/macro.c.o
                0x000000000000a42a                rm14_guide
 .rodata.rm57_guide
                0x000000000000a42e        0x4 CMakeFiles/kiibohd.elf.dir/Macro/PartialMap/macro.c.o
                0x000000000000a42e                rm57_guide
 .rodata.rm29_guide
                0x000000000000a432        0x4 CMakeFiles/kiibohd.elf.dir/Macro/PartialMap/macro.c.o
                0x000000000000a432                rm29_guide
 .rodata.tm90_guide
                0x000000000000a436        0x5 CMakeFiles/kiibohd.elf.dir/Macro/PartialMap/macro.c.o
                0x000000000000a436                tm90_guide
 .rodata.tm62_guide
                0x000000000000a43b        0x5 CMakeFiles/kiibohd.elf.dir/Macro/PartialMap/macro.c.o
                0x000000000000a43b                tm62_guide
 .rodata.TriggerMacroList
                0x000000000000a440      0x468 CMakeFiles/kiibohd.elf.dir/Macro/PartialMap/macro.c.o
                0x000000000000a440                TriggerMacroList
 .rodata.tm34_guide
                0x000000000000a8a8        0x5 CMakeFiles/kiibohd.elf.dir/Macro/PartialMap/macro.c.o
                0x000000000000a8a8                tm34_guide
 .rodata.rm37_guide
                0x000000000000a8ad        0x4 CMakeFiles/kiibohd.elf.dir/Macro/PartialMap/macro.c.o
                0x000000000000a8ad                rm37_guide
 .rodata.tm86_guide
                0x000000000000a8b1        0x5 CMakeFiles/kiibohd.elf.dir/Macro/PartialMap/macro.c.o
                0x000000000000a8b1                tm86_guide
 .rodata.tm58_guide
                0x000000000000a8b6        0x5 CMakeFiles/kiibohd.elf.dir/Macro/PartialMap/macro.c.o
                0x000000000000a8b6                tm58_guide
 *fill*         0x000000000000a8bb        0x1 
 .rodata.layer1_tl_0x40
                0x000000000000a8bc        0x4 CMakeFiles/kiibohd.elf.dir/Macro/PartialMap/macro.c.o
                0x000000000000a8bc                layer1_tl_0x40
 .rodata.layer1_tl_0x41
                0x000000000000a8c0        0x4 CMakeFiles/kiibohd.elf.dir/Macro/PartialMap/macro.c.o
                0x000000000000a8c0                layer1_tl_0x41
 .rodata.layer1_tl_0x42
                0x000000000000a8c4        0x8 CMakeFiles/kiibohd.elf.dir/Macro/PartialMap/macro.c.o
                0x000000000000a8c4                layer1_tl_0x42
 .rodata.layer1_tl_0x43
                0x000000000000a8cc        0x8 CMakeFiles/kiibohd.elf.dir/Macro/PartialMap/macro.c.o
                0x000000000000a8cc                layer1_tl_0x43
 .rodata.layer1_tl_0x44
                0x000000000000a8d4        0x8 CMakeFiles/kiibohd.elf.dir/Macro/PartialMap/macro.c.o
                0x000000000000a8d4                layer1_tl_0x44
 .rodata.layer1_tl_0x45
                0x000000000000a8dc        0x8 CMakeFiles/kiibohd.elf.dir/Macro/PartialMap/macro.c.o
                0x000000000000a8dc                layer1_tl_0x45
 .rodata.layer1_tl_0x46
                0x000000000000a8e4        0x8 CMakeFiles/kiibohd.elf.dir/Macro/PartialMap/macro.c.o
                0x000000000000a8e4                layer1_tl_0x46
 .rodata.tm122_guide
                0x000000000000a8ec        0x5 CMakeFiles/kiibohd.elf.dir/Macro/PartialMap/macro.c.o
                0x000000000000a8ec                tm122_guide
 *fill*         0x000000000000a8f1        0x3 
 .rodata.layer1_tl_0x48
                0x000000000000a8f4        0x4 CMakeFiles/kiibohd.elf.dir/Macro/PartialMap/macro.c.o
                0x000000000000a8f4                layer1_tl_0x48
 .rodata.layer1_tl_0x49
                0x000000000000a8f8        0x4 CMakeFiles/kiibohd.elf.dir/Macro/PartialMap/macro.c.o
                0x000000000000a8f8                layer1_tl_0x49
 .rodata.rm20_guide
                0x000000000000a8fc        0x4 CMakeFiles/kiibohd.elf.dir/Macro/PartialMap/macro.c.o
                0x000000000000a8fc                rm20_guide
 .rodata.layer1_tl_0x4A
                0x000000000000a900        0x4 CMakeFiles/kiibohd.elf.dir/Macro/PartialMap/macro.c.o
                0x000000000000a900                layer1_tl_0x4A
 .rodata.layer1_tl_0x4B
                0x000000000000a904        0x4 CMakeFiles/kiibohd.elf.dir/Macro/PartialMap/macro.c.o
                0x000000000000a904                layer1_tl_0x4B
 .rodata.layer1_tl_0x4C
                0x000000000000a908        0x8 CMakeFiles/kiibohd.elf.dir/Macro/PartialMap/macro.c.o
                0x000000000000a908                layer1_tl_0x4C
 .rodata.layer1_tl_0x4D
                0x000000000000a910        0x8 CMakeFiles/kiibohd.elf.dir/Macro/PartialMap/macro.c.o
                0x000000000000a910                layer1_tl_0x4D
 .rodata.layer1_tl_0x4E
                0x000000000000a918        0x8 CMakeFiles/kiibohd.elf.dir/Macro/PartialMap/macro.c.o
                0x000000000000a918                layer1_tl_0x4E
 .rodata.layer1_tl_0x4F
                0x000000000000a920        0x8 CMakeFiles/kiibohd.elf.dir/Macro/PartialMap/macro.c.o
                0x000000000000a920                layer1_tl_0x4F
 .rodata.rm108_guide
                0x000000000000a928        0x4 CMakeFiles/kiibohd.elf.dir/Macro/PartialMap/macro.c.o
                0x000000000000a928                rm108_guide
 .rodata.tm21_guide
                0x000000000000a92c        0x5 CMakeFiles/kiibohd.elf.dir/Macro/PartialMap/macro.c.o
                0x000000000000a92c                tm21_guide
 .rodata.rm50_guide
                0x000000000000a931        0x4 CMakeFiles/kiibohd.elf.dir/Macro/PartialMap/macro.c.o
                0x000000000000a931                rm50_guide
 .rodata.rm2_guide
                0x000000000000a935        0x4 CMakeFiles/kiibohd.elf.dir/Macro/PartialMap/macro.c.o
                0x000000000000a935                rm2_guide
 *fill*         0x000000000000a939        0x3 
 .rodata.default_tl_0x1D
                0x000000000000a93c        0x8 CMakeFiles/kiibohd.elf.dir/Macro/PartialMap/macro.c.o
                0x000000000000a93c                default_tl_0x1D
 .rodata.rm74_guide
                0x000000000000a944        0x4 CMakeFiles/kiibohd.elf.dir/Macro/PartialMap/macro.c.o
                0x000000000000a944                rm74_guide
 .rodata.tm103_guide
                0x000000000000a948        0x5 CMakeFiles/kiibohd.elf.dir/Macro/PartialMap/macro.c.o
                0x000000000000a948                tm103_guide
 *fill*         0x000000000000a94d        0x3 
 .rodata.layer2_tl_0x0C
                0x000000000000a950        0x8 CMakeFiles/kiibohd.elf.dir/Macro/PartialMap/macro.c.o
                0x000000000000a950                layer2_tl_0x0C
 .rodata.layer2_tl_0x0D
                0x000000000000a958        0x8 CMakeFiles/kiibohd.elf.dir/Macro/PartialMap/macro.c.o